../../MCSDK_v6.4.0-Full/MotorControl/MCSDK/MCLib/G4xx/Src/r3_2_g4xx_pwm_curr_fdbk.c:254:13:R3_2_ADCxInit	8	static
../../MCSDK_v6.4.0-Full/MotorControl/MCSDK/MCLib/G4xx/Src/r3_2_g4xx_pwm_curr_fdbk.c:573:13:R3_2_GetPhaseCurrents	12	static
../../MCSDK_v6.4.0-Full/MotorControl/MCSDK/MCLib/G4xx/Src/r3_2_g4xx_pwm_curr_fdbk.c:1082:10:R3_2_SetADCSampPointPolarization	4	static
../../MCSDK_v6.4.0-Full/MotorControl/MCSDK/MCLib/G4xx/Src/r3_2_g4xx_pwm_curr_fdbk.c:1313:13:R3_2_HFCurrentsPolarizationAB	8	static
../../MCSDK_v6.4.0-Full/MotorControl/MCSDK/MCLib/G4xx/Src/r3_2_g4xx_pwm_curr_fdbk.c:1363:13:R3_2_HFCurrentsPolarizationC	4	static
../../MCSDK_v6.4.0-Full/MotorControl/MCSDK/MCLib/G4xx/Src/r3_2_g4xx_pwm_curr_fdbk.c:1452:13:R3_2_SwitchOnPWM	16	static
../../MCSDK_v6.4.0-Full/MotorControl/MCSDK/MCLib/G4xx/Src/r3_2_g4xx_pwm_curr_fdbk.c:1874:13:R3_2_RLGetPhaseCurrents	4	static
../../MCSDK_v6.4.0-Full/MotorControl/MCSDK/MCLib/G4xx/Src/r3_2_g4xx_pwm_curr_fdbk.c:1966:13:R3_2_RLSwitchOnPWM	16	static
../../MCSDK_v6.4.0-Full/MotorControl/MCSDK/MCLib/G4xx/Src/r3_2_g4xx_pwm_curr_fdbk.c:1411:13:R3_2_TurnOnLowSides	4	static
../../MCSDK_v6.4.0-Full/MotorControl/MCSDK/MCLib/G4xx/Src/r3_2_g4xx_pwm_curr_fdbk.c:1508:13:R3_2_SwitchOffPWM	4	static
../../MCSDK_v6.4.0-Full/MotorControl/MCSDK/MCLib/G4xx/Src/r3_2_g4xx_pwm_curr_fdbk.c:1625:13:R3_2_SetAOReferenceVoltage	16	static
../../MCSDK_v6.4.0-Full/MotorControl/MCSDK/MCLib/G4xx/Src/r3_2_g4xx_pwm_curr_fdbk.c:1929:13:R3_2_RLTurnOnLowSides	4	static
../../MCSDK_v6.4.0-Full/MotorControl/MCSDK/MCLib/G4xx/Src/r3_2_g4xx_pwm_curr_fdbk.c:74:13:R3_2_Init	64	static
../../MCSDK_v6.4.0-Full/MotorControl/MCSDK/MCLib/G4xx/Src/r3_2_g4xx_pwm_curr_fdbk.c:420:13:R3_2_SetOffsetCalib	4	static
../../MCSDK_v6.4.0-Full/MotorControl/MCSDK/MCLib/G4xx/Src/r3_2_g4xx_pwm_curr_fdbk.c:445:13:R3_2_GetOffsetCalib	0	static
../../MCSDK_v6.4.0-Full/MotorControl/MCSDK/MCLib/G4xx/Src/r3_2_g4xx_pwm_curr_fdbk.c:471:13:R3_2_CurrentReadingPolarization	40	static
../../MCSDK_v6.4.0-Full/MotorControl/MCSDK/MCLib/G4xx/Src/r3_2_g4xx_pwm_curr_fdbk.c:745:13:R3_2_GetPhaseCurrents_OVM	12	static
../../MCSDK_v6.4.0-Full/MotorControl/MCSDK/MCLib/G4xx/Src/r3_2_g4xx_pwm_curr_fdbk.c:1106:10:R3_2_SetADCSampPointSectX	12	static
../../MCSDK_v6.4.0-Full/MotorControl/MCSDK/MCLib/G4xx/Src/r3_2_g4xx_pwm_curr_fdbk.c:1191:10:R3_2_SetADCSampPointSectX_OVM	12	static
../../MCSDK_v6.4.0-Full/MotorControl/MCSDK/MCLib/G4xx/Src/r3_2_g4xx_pwm_curr_fdbk.c:1548:14:R3_2_TIMx_UP_IRQHandler	16	static
../../MCSDK_v6.4.0-Full/MotorControl/MCSDK/MCLib/G4xx/Src/r3_2_g4xx_pwm_curr_fdbk.c:1659:6:R3_2_RLDetectionModeEnable	4	static
../../MCSDK_v6.4.0-Full/MotorControl/MCSDK/MCLib/G4xx/Src/r3_2_g4xx_pwm_curr_fdbk.c:1715:6:R3_2_RLDetectionModeDisable	4	static
../../MCSDK_v6.4.0-Full/MotorControl/MCSDK/MCLib/G4xx/Src/r3_2_g4xx_pwm_curr_fdbk.c:1800:10:R3_2_RLDetectionModeSetDuty	4	static
../../MCSDK_v6.4.0-Full/MotorControl/MCSDK/MCLib/G4xx/Src/r3_2_g4xx_pwm_curr_fdbk.c:2029:6:R3_2_RLTurnOnLowSidesAndStart	8	static
