C:/Users/pyesl/.st_workbench/projects/try 6 3 1 2026/Src/speed_torq_ctrl.c:66:13:STC_Init	4	static
C:/Users/pyesl/.st_workbench/projects/try 6 3 1 2026/Src/speed_torq_ctrl.c:97:13:STC_SetSpeedSensor	0	static
C:/Users/pyesl/.st_workbench/projects/try 6 3 1 2026/Src/speed_torq_ctrl.c:120:13:STC_Clear	0	static
C:/Users/pyesl/.st_workbench/projects/try 6 3 1 2026/Src/speed_torq_ctrl.c:157:16:STC_GetMecSpeedRefUnit	0	static
C:/Users/pyesl/.st_workbench/projects/try 6 3 1 2026/Src/speed_torq_ctrl.c:227:13:STC_SetControlMode	0	static
C:/Users/pyesl/.st_workbench/projects/try 6 3 1 2026/Src/speed_torq_ctrl.c:274:13:STC_ExecRamp	4	static
C:/Users/pyesl/.st_workbench/projects/try 6 3 1 2026/Src/speed_torq_ctrl.c:397:16:STC_CalcTorqueReference	16	static
C:/Users/pyesl/.st_workbench/projects/try 6 3 1 2026/Src/speed_torq_ctrl.c:487:16:STC_GetMecSpeedRefUnitDefault	0	static
C:/Users/pyesl/.st_workbench/projects/try 6 3 1 2026/Src/speed_torq_ctrl.c:504:17:STC_GetMaxAppPositiveMecSpeedUnit	0	static
C:/Users/pyesl/.st_workbench/projects/try 6 3 1 2026/Src/speed_torq_ctrl.c:521:16:STC_GetMinAppNegativeMecSpeedUnit	0	static
C:/Users/pyesl/.st_workbench/projects/try 6 3 1 2026/Src/speed_torq_ctrl.c:537:13:STC_StopSpeedRamp	0	static
C:/Users/pyesl/.st_workbench/projects/try 6 3 1 2026/Src/speed_torq_ctrl.c:566:13:STC_GetDefaultIqdref	8	static
C:/Users/pyesl/.st_workbench/projects/try 6 3 1 2026/Src/speed_torq_ctrl.c:595:13:STC_ForceSpeedReferenceToCurrentSpeed	8	static
