Archive member included to satisfy reference by file (symbol)

C:/ST/STM32CubeIDE_1.18.1/STM32CubeIDE/plugins/com.st.stm32cube.ide.mcu.externaltools.gnu-tools-for-stm32.13.3.rel1.win32_1.0.0.202411081344/tools/bin/../lib/gcc/arm-none-eabi/13.3.1/../../../../arm-none-eabi/lib/thumb/v7e-m+fp/hard\libc_nano.a(libc_a-exit.o)
                              C:/ST/STM32CubeIDE_1.18.1/STM32CubeIDE/plugins/com.st.stm32cube.ide.mcu.externaltools.gnu-tools-for-stm32.13.3.rel1.win32_1.0.0.202411081344/tools/bin/../lib/gcc/arm-none-eabi/13.3.1/../../../../arm-none-eabi/lib/thumb/v7e-m+fp/hard/crt0.o (exit)
C:/ST/STM32CubeIDE_1.18.1/STM32CubeIDE/plugins/com.st.stm32cube.ide.mcu.externaltools.gnu-tools-for-stm32.13.3.rel1.win32_1.0.0.202411081344/tools/bin/../lib/gcc/arm-none-eabi/13.3.1/../../../../arm-none-eabi/lib/thumb/v7e-m+fp/hard\libc_nano.a(libc_a-findfp.o)
                              C:/ST/STM32CubeIDE_1.18.1/STM32CubeIDE/plugins/com.st.stm32cube.ide.mcu.externaltools.gnu-tools-for-stm32.13.3.rel1.win32_1.0.0.202411081344/tools/bin/../lib/gcc/arm-none-eabi/13.3.1/../../../../arm-none-eabi/lib/thumb/v7e-m+fp/hard\libc_nano.a(libc_a-exit.o) (__stdio_exit_handler)
C:/ST/STM32CubeIDE_1.18.1/STM32CubeIDE/plugins/com.st.stm32cube.ide.mcu.externaltools.gnu-tools-for-stm32.13.3.rel1.win32_1.0.0.202411081344/tools/bin/../lib/gcc/arm-none-eabi/13.3.1/../../../../arm-none-eabi/lib/thumb/v7e-m+fp/hard\libc_nano.a(libc_a-fwalk.o)
                              C:/ST/STM32CubeIDE_1.18.1/STM32CubeIDE/plugins/com.st.stm32cube.ide.mcu.externaltools.gnu-tools-for-stm32.13.3.rel1.win32_1.0.0.202411081344/tools/bin/../lib/gcc/arm-none-eabi/13.3.1/../../../../arm-none-eabi/lib/thumb/v7e-m+fp/hard\libc_nano.a(libc_a-findfp.o) (_fwalk_sglue)
C:/ST/STM32CubeIDE_1.18.1/STM32CubeIDE/plugins/com.st.stm32cube.ide.mcu.externaltools.gnu-tools-for-stm32.13.3.rel1.win32_1.0.0.202411081344/tools/bin/../lib/gcc/arm-none-eabi/13.3.1/../../../../arm-none-eabi/lib/thumb/v7e-m+fp/hard\libc_nano.a(libc_a-stdio.o)
                              C:/ST/STM32CubeIDE_1.18.1/STM32CubeIDE/plugins/com.st.stm32cube.ide.mcu.externaltools.gnu-tools-for-stm32.13.3.rel1.win32_1.0.0.202411081344/tools/bin/../lib/gcc/arm-none-eabi/13.3.1/../../../../arm-none-eabi/lib/thumb/v7e-m+fp/hard\libc_nano.a(libc_a-findfp.o) (__sread)
C:/ST/STM32CubeIDE_1.18.1/STM32CubeIDE/plugins/com.st.stm32cube.ide.mcu.externaltools.gnu-tools-for-stm32.13.3.rel1.win32_1.0.0.202411081344/tools/bin/../lib/gcc/arm-none-eabi/13.3.1/../../../../arm-none-eabi/lib/thumb/v7e-m+fp/hard\libc_nano.a(libc_a-memset.o)
                              C:/ST/STM32CubeIDE_1.18.1/STM32CubeIDE/plugins/com.st.stm32cube.ide.mcu.externaltools.gnu-tools-for-stm32.13.3.rel1.win32_1.0.0.202411081344/tools/bin/../lib/gcc/arm-none-eabi/13.3.1/../../../../arm-none-eabi/lib/thumb/v7e-m+fp/hard/crt0.o (memset)
C:/ST/STM32CubeIDE_1.18.1/STM32CubeIDE/plugins/com.st.stm32cube.ide.mcu.externaltools.gnu-tools-for-stm32.13.3.rel1.win32_1.0.0.202411081344/tools/bin/../lib/gcc/arm-none-eabi/13.3.1/../../../../arm-none-eabi/lib/thumb/v7e-m+fp/hard\libc_nano.a(libc_a-closer.o)
                              C:/ST/STM32CubeIDE_1.18.1/STM32CubeIDE/plugins/com.st.stm32cube.ide.mcu.externaltools.gnu-tools-for-stm32.13.3.rel1.win32_1.0.0.202411081344/tools/bin/../lib/gcc/arm-none-eabi/13.3.1/../../../../arm-none-eabi/lib/thumb/v7e-m+fp/hard\libc_nano.a(libc_a-stdio.o) (_close_r)
C:/ST/STM32CubeIDE_1.18.1/STM32CubeIDE/plugins/com.st.stm32cube.ide.mcu.externaltools.gnu-tools-for-stm32.13.3.rel1.win32_1.0.0.202411081344/tools/bin/../lib/gcc/arm-none-eabi/13.3.1/../../../../arm-none-eabi/lib/thumb/v7e-m+fp/hard\libc_nano.a(libc_a-reent.o)
                              C:/ST/STM32CubeIDE_1.18.1/STM32CubeIDE/plugins/com.st.stm32cube.ide.mcu.externaltools.gnu-tools-for-stm32.13.3.rel1.win32_1.0.0.202411081344/tools/bin/../lib/gcc/arm-none-eabi/13.3.1/../../../../arm-none-eabi/lib/thumb/v7e-m+fp/hard\libc_nano.a(libc_a-closer.o) (errno)
C:/ST/STM32CubeIDE_1.18.1/STM32CubeIDE/plugins/com.st.stm32cube.ide.mcu.externaltools.gnu-tools-for-stm32.13.3.rel1.win32_1.0.0.202411081344/tools/bin/../lib/gcc/arm-none-eabi/13.3.1/../../../../arm-none-eabi/lib/thumb/v7e-m+fp/hard\libc_nano.a(libc_a-impure.o)
                              C:/ST/STM32CubeIDE_1.18.1/STM32CubeIDE/plugins/com.st.stm32cube.ide.mcu.externaltools.gnu-tools-for-stm32.13.3.rel1.win32_1.0.0.202411081344/tools/bin/../lib/gcc/arm-none-eabi/13.3.1/../../../../arm-none-eabi/lib/thumb/v7e-m+fp/hard\libc_nano.a(libc_a-reent.o) (_impure_ptr)
C:/ST/STM32CubeIDE_1.18.1/STM32CubeIDE/plugins/com.st.stm32cube.ide.mcu.externaltools.gnu-tools-for-stm32.13.3.rel1.win32_1.0.0.202411081344/tools/bin/../lib/gcc/arm-none-eabi/13.3.1/../../../../arm-none-eabi/lib/thumb/v7e-m+fp/hard\libc_nano.a(libc_a-lseekr.o)
[...]
Memory Configuration

Name             Origin             Length             Attributes
RAM              0x20000000         0x00008000         xrw
FLASH            0x08000000         0x00020000         xr
*default*        0x00000000         0xffffffff

Linker script and memory map

LOAD C:/ST/STM32CubeIDE_1.18.1/STM32CubeIDE/plugins/com.st.stm32cube.ide.mcu.externaltools.gnu-tools-for-stm32.13.3.rel1.win32_1.0.0.202411081344/tools/bin/../lib/gcc/arm-none-eabi/13.3.1/thumb/v7e-m+fp/hard/crti.o
LOAD C:/ST/STM32CubeIDE_1.18.1/STM32CubeIDE/plugins/com.st.stm32cube.ide.mcu.externaltools.gnu-tools-for-stm32.13.3.rel1.win32_1.0.0.202411081344/tools/bin/../lib/gcc/arm-none-eabi/13.3.1/thumb/v7e-m+fp/hard/crtbegin.o
LOAD C:/ST/STM32CubeIDE_1.18.1/STM32CubeIDE/plugins/com.st.stm32cube.ide.mcu.externaltools.gnu-tools-for-stm32.13.3.rel1.win32_1.0.0.202411081344/tools/bin/../lib/gcc/arm-none-eabi/13.3.1/../../../../arm-none-eabi/lib/thumb/v7e-m+fp/hard/crt0.o
LOAD ./Application/Startup/startup_stm32g431cbux.o
LOAD ./Application/User/aspep.o
LOAD ./Application/User/hf_registers.o
LOAD ./Application/User/main.o
LOAD ./Application/User/mc_api.o
LOAD ./Application/User/mc_app_hooks.o
LOAD ./Application/User/mc_config.o
LOAD ./Application/User/mc_config_common.o
LOAD ./Application/User/mc_configuration_registers.o
LOAD ./Application/User/mc_interface.o
LOAD ./Application/User/mc_math.o
LOAD ./Application/User/mc_parameters.o
LOAD ./Application/User/mc_tasks.o
LOAD ./Application/User/mc_tasks_foc.o
LOAD ./Application/User/mcp.o
LOAD ./Application/User/mcp_config.o
LOAD ./Application/User/motorcontrol.o
LOAD ./Application/User/pwm_common.o
LOAD ./Application/User/pwm_curr_fdbk.o
LOAD ./Application/User/regular_conversion_manager.o
LOAD ./Application/User/speed_torq_ctrl.o
LOAD ./Application/User/stm32_mc_common_it.o
LOAD ./Application/User/stm32g4xx_hal_msp.o
LOAD ./Application/User/stm32g4xx_it.o
LOAD ./Application/User/stm32g4xx_mc_it.o
LOAD ./Application/User/sync_registers.o
LOAD ./Application/User/syscalls.o
LOAD ./Application/User/sysmem.o
LOAD ./Application/User/usart_aspep_driver.o
LOAD ./Drivers/CMSIS/system_stm32g4xx.o
LOAD ./Drivers/STM32G4xx_HAL_Driver/stm32g4xx_hal.o
LOAD ./Drivers/STM32G4xx_HAL_Driver/stm32g4xx_hal_adc.o
LOAD ./Drivers/STM32G4xx_HAL_Driver/stm32g4xx_hal_adc_ex.o
LOAD ./Drivers/STM32G4xx_HAL_Driver/stm32g4xx_hal_comp.o
LOAD ./Drivers/STM32G4xx_HAL_Driver/stm32g4xx_hal_cordic.o
LOAD ./Drivers/STM32G4xx_HAL_Driver/stm32g4xx_hal_cortex.o
LOAD ./Drivers/STM32G4xx_HAL_Driver/stm32g4xx_hal_dac.o
LOAD ./Drivers/STM32G4xx_HAL_Driver/stm32g4xx_hal_dac_ex.o
LOAD ./Drivers/STM32G4xx_HAL_Driver/stm32g4xx_hal_dma.o
LOAD ./Drivers/STM32G4xx_HAL_Driver/stm32g4xx_hal_dma_ex.o
LOAD ./Drivers/STM32G4xx_HAL_Driver/stm32g4xx_hal_exti.o
LOAD ./Drivers/STM32G4xx_HAL_Driver/stm32g4xx_hal_flash.o
LOAD ./Drivers/STM32G4xx_HAL_Driver/stm32g4xx_hal_flash_ex.o
LOAD ./Drivers/STM32G4xx_HAL_Driver/stm32g4xx_hal_flash_ramfunc.o
LOAD ./Drivers/STM32G4xx_HAL_Driver/stm32g4xx_hal_gpio.o
LOAD ./Drivers/STM32G4xx_HAL_Driver/stm32g4xx_hal_opamp.o
LOAD ./Drivers/STM32G4xx_HAL_Driver/stm32g4xx_hal_opamp_ex.o
LOAD ./Drivers/STM32G4xx_HAL_Driver/stm32g4xx_hal_pwr.o
LOAD ./Drivers/STM32G4xx_HAL_Driver/stm32g4xx_hal_pwr_ex.o
LOAD ./Drivers/STM32G4xx_HAL_Driver/stm32g4xx_hal_rcc.o
LOAD ./Drivers/STM32G4xx_HAL_Driver/stm32g4xx_hal_rcc_ex.o
LOAD ./Drivers/STM32G4xx_HAL_Driver/stm32g4xx_hal_tim.o
LOAD ./Drivers/STM32G4xx_HAL_Driver/stm32g4xx_hal_tim_ex.o
LOAD ./Drivers/STM32G4xx_HAL_Driver/stm32g4xx_hal_uart.o
LOAD ./Drivers/STM32G4xx_HAL_Driver/stm32g4xx_hal_uart_ex.o
LOAD ./Drivers/STM32G4xx_HAL_Driver/stm32g4xx_ll_adc.o
LOAD ./Middlewares/MotorControl/bus_voltage_sensor.o
LOAD ./Middlewares/MotorControl/circle_limitation.o
LOAD ./Middlewares/MotorControl/digital_output.o
LOAD ./Middlewares/MotorControl/mcpa.o
LOAD ./Middlewares/MotorControl/ntc_temperature_sensor.o
LOAD ./Middlewares/MotorControl/open_loop.o
LOAD ./Middlewares/MotorControl/pid_regulator.o
LOAD ./Middlewares/MotorControl/pqd_motor_power_measurement.o
LOAD ./Middlewares/MotorControl/r3_2_g4xx_pwm_curr_fdbk.o
LOAD ./Middlewares/MotorControl/r_divider_bus_voltage_sensor.o
LOAD ./Middlewares/MotorControl/ramp_ext_mngr.o
LOAD ./Middlewares/MotorControl/revup_ctrl.o
LOAD ./Middlewares/MotorControl/speed_pos_fdbk.o
LOAD ./Middlewares/MotorControl/sto_pll_speed_pos_fdbk.o
LOAD ./Middlewares/MotorControl/virtual_speed_sensor.o
START GROUP
LOAD C:/ST/STM32CubeIDE_1.18.1/STM32CubeIDE/plugins/com.st.stm32cube.ide.mcu.externaltools.gnu-tools-for-stm32.13.3.rel1.win32_1.0.0.202411081344/tools/bin/../lib/gcc/arm-none-eabi/13.3.1/../../../../arm-none-eabi/lib/thumb/v7e-m+fp/hard\libc_nano.a
LOAD C:/ST/STM32CubeIDE_1.18.1/STM32CubeIDE/plugins/com.st.stm32cube.ide.mcu.externaltools.gnu-tools-for-stm32.13.3.rel1.win32_1.0.0.202411081344/tools/bin/../lib/gcc/arm-none-eabi/13.3.1/../../../../arm-none-eabi/lib/thumb/v7e-m+fp/hard\libm.a
END GROUP
START GROUP
LOAD C:/ST/STM32CubeIDE_1.18.1/STM32CubeIDE/plugins/com.st.stm32cube.ide.mcu.externaltools.gnu-tools-for-stm32.13.3.rel1.win32_1.0.0.202411081344/tools/bin/../lib/gcc/arm-none-eabi/13.3.1/thumb/v7e-m+fp/hard\libgcc.a
LOAD C:/ST/STM32CubeIDE_1.18.1/STM32CubeIDE/plugins/com.st.stm32cube.ide.mcu.externaltools.gnu-tools-for-stm32.13.3.rel1.win32_1.0.0.202411081344/tools/bin/../lib/gcc/arm-none-eabi/13.3.1/../../../../arm-none-eabi/lib/thumb/v7e-m+fp/hard\libc_nano.a
END GROUP
START GROUP
LOAD C:/ST/STM32CubeIDE_1.18.1/STM32CubeIDE/plugins/com.st.stm32cube.ide.mcu.externaltools.gnu-tools-for-stm32.13.3.rel1.win32_1.0.0.202411081344/tools/bin/../lib/gcc/arm-none-eabi/13.3.1/thumb/v7e-m+fp/hard\libgcc.a
LOAD C:/ST/STM32CubeIDE_1.18.1/STM32CubeIDE/plugins/com.st.stm32cube.ide.mcu.externaltools.gnu-tools-for-stm32.13.3.rel1.win32_1.0.0.202411081344/tools/bin/../lib/gcc/arm-none-eabi/13.3.1/../../../../arm-none-eabi/lib/thumb/v7e-m+fp/hard\libc_nano.a
LOAD C:/ST/STM32CubeIDE_1.18.1/STM32CubeIDE/plugins/com.st.stm32cube.ide.mcu.externaltools.gnu-tools-for-stm32.13.3.rel1.win32_1.0.0.202411081344/tools/bin/../lib/gcc/arm-none-eabi/13.3.1/../../../../arm-none-eabi/lib/thumb/v7e-m+fp/hard\libnosys.a
END GROUP
START GROUP
LOAD C:/ST/STM32CubeIDE_1.18.1/STM32CubeIDE/plugins/com.st.stm32cube.ide.mcu.externaltools.gnu-tools-for-stm32.13.3.rel1.win32_1.0.0.202411081344/tools/bin/../lib/gcc/arm-none-eabi/13.3.1/thumb/v7e-m+fp/hard\libgcc.a
LOAD C:/ST/STM32CubeIDE_1.18.1/STM32CubeIDE/plugins/com.st.stm32cube.ide.mcu.externaltools.gnu-tools-for-stm32.13.3.rel1.win32_1.0.0.202411081344/tools/bin/../lib/gcc/arm-none-eabi/13.3.1/../../../../arm-none-eabi/lib/thumb/v7e-m+fp/hard\libc_nano.a
LOAD C:/ST/STM32CubeIDE_1.18.1/STM32CubeIDE/plugins/com.st.stm32cube.ide.mcu.externaltools.gnu-tools-for-stm32.13.3.rel1.win32_1.0.0.202411081344/tools/bin/../lib/gcc/arm-none-eabi/13.3.1/../../../../arm-none-eabi/lib/thumb/v7e-m+fp/hard\libnosys.a
END GROUP
LOAD C:/ST/STM32CubeIDE_1.18.1/STM32CubeIDE/plugins/com.st.stm32cube.ide.mcu.externaltools.gnu-tools-for-stm32.13.3.rel1.win32_1.0.0.202411081344/tools/bin/../lib/gcc/arm-none-eabi/13.3.1/thumb/v7e-m+fp/hard/crtend.o
LOAD C:/ST/STM32CubeIDE_1.18.1/STM32CubeIDE/plugins/com.st.stm32cube.ide.mcu.externaltools.gnu-tools-for-stm32.13.3.rel1.win32_1.0.0.202411081344/tools/bin/../lib/gcc/arm-none-eabi/13.3.1/thumb/v7e-m+fp/hard/crtn.o
                0x20008000                        _estack = (ORIGIN (RAM) + LENGTH (RAM))
                0x00000200                        _Min_Heap_Size = 0x200
                0x00000400                        _Min_Stack_Size = 0x400

.isr_vector     0x08000000      0x1d8
                0x08000000                        . = ALIGN (0x4)
 *(.isr_vector)
 .isr_vector    0x08000000      0x1d8 ./Application/Startup/startup_stm32g431cbux.o
                0x08000000                g_pfnVectors
                0x080001d8                        . = ALIGN (0x4)

.text           0x080001d8     0x92cc
                0x080001d8                        . = ALIGN (0x4)
 *(.text)
 .text          0x080001d8       0x40 C:/ST/STM32CubeIDE_1.18.1/STM32CubeIDE/plugins/com.st.stm32cube.ide.mcu.externaltools.gnu-tools-for-stm32.13.3.rel1.win32_1.0.0.202411081344/tools/bin/../lib/gcc/arm-none-eabi/13.3.1/thumb/v7e-m+fp/hard/crtbegin.o
 .text          0x08000218       0x30 C:/ST/STM32CubeIDE_1.18.1/STM32CubeIDE/plugins/com.st.stm32cube.ide.mcu.externaltools.gnu-tools-for-stm32.13.3.rel1.win32_1.0.0.202411081344/tools/bin/../lib/gcc/arm-none-eabi/13.3.1/thumb/v7e-m+fp/hard\libgcc.a(_aeabi_uldivmod.o)
                0x08000218                __aeabi_uldivmod
 .text          0x08000248      0x2f8 C:/ST/STM32CubeIDE_1.18.1/STM32CubeIDE/plugins/com.st.stm32cube.ide.mcu.externaltools.gnu-tools-for-stm32.13.3.rel1.win32_1.0.0.202411081344/tools/bin/../lib/gcc/arm-none-eabi/13.3.1/thumb/v7e-m+fp/hard\libgcc.a(_udivmoddi4.o)
                0x08000248                __udivmoddi4
 .text          0x08000540        0x4 C:/ST/STM32CubeIDE_1.18.1/STM32CubeIDE/plugins/com.st.stm32cube.ide.mcu.externaltools.gnu-tools-for-stm32.13.3.rel1.win32_1.0.0.202411081344/tools/bin/../lib/gcc/arm-none-eabi/13.3.1/thumb/v7e-m+fp/hard\libgcc.a(_dvmd_tls.o)
                0x08000540                __aeabi_idiv0
                0x08000540                __aeabi_ldiv0
 *(.text*)
 .text.Reset_Handler
                0x08000544       0x50 ./Application/Startup/startup_stm32g431cbux.o
                0x08000544                Reset_Handler
 .text.Default_Handler
                0x08000594        0x2 ./Application/Startup/startup_stm32g431cbux.o
                0x08000594                RTC_Alarm_IRQHandler
                0x08000594                EXTI2_IRQHandler
                0x08000594                TIM8_TRG_COM_IRQHandler
                0x08000594                TIM8_CC_IRQHandler
                0x08000594                DebugMon_Handler
                0x08000594                TIM1_CC_IRQHandler
                0x08000594                USB_HP_IRQHandler
                0x08000594                CORDIC_IRQHandler
                0x08000594                PendSV_Handler
                0x08000594                NMI_Handler
                0x08000594                EXTI3_IRQHandler
                0x08000594                I2C3_ER_IRQHandler
                0x08000594                EXTI0_IRQHandler
                0x08000594                I2C2_EV_IRQHandler
                0x08000594                FPU_IRQHandler
                0x08000594                FDCAN1_IT1_IRQHandler
                0x08000594                UsageFault_Handler
                0x08000594                SPI1_IRQHandler
                0x08000594                TIM6_DAC_IRQHandler
                0x08000594                TIM8_UP_IRQHandler
                0x08000594                DMA2_Channel2_IRQHandler
                0x08000594                DMA1_Channel4_IRQHandler
                0x08000594                USART3_IRQHandler
                0x08000594                TIM4_IRQHandler
                0x08000594                DMA2_Channel1_IRQHandler
                0x08000594                I2C1_EV_IRQHandler
                0x08000594                DMA1_Channel6_IRQHandler
                0x08000594                UART4_IRQHandler
                0x08000594                DMA2_Channel4_IRQHandler
                0x08000594                TIM3_IRQHandler
                0x08000594                RCC_IRQHandler
                0x08000594                DMA1_Channel1_IRQHandler
                0x08000594                Default_Handler
                0x08000594                RTC_TAMP_LSECSS_IRQHandler
                0x08000594                FMAC_IRQHandler
                0x08000594                TIM7_IRQHandler
                0x08000594                UCPD1_IRQHandler
                0x08000594                I2C3_EV_IRQHandler
                0x08000594                EXTI9_5_IRQHandler
                0x08000594                RTC_WKUP_IRQHandler
                0x08000594                PVD_PVM_IRQHandler
                0x08000594                SPI2_IRQHandler
                0x08000594                MemManage_Handler
                0x08000594                SVC_Handler
                0x08000594                DMA2_Channel5_IRQHandler
                0x08000594                CRS_IRQHandler
                0x08000594                DMA1_Channel5_IRQHandler
                0x08000594                USB_LP_IRQHandler
                0x08000594                EXTI4_IRQHandler
                0x08000594                RNG_IRQHandler
                0x08000594                TIM1_TRG_COM_TIM17_IRQHandler
                0x08000594                DMA1_Channel3_IRQHandler
                0x08000594                WWDG_IRQHandler
                0x08000594                LPUART1_IRQHandler
                0x08000594                DMA2_Channel6_IRQHandler
                0x08000594                FDCAN1_IT0_IRQHandler
                0x08000594                TIM2_IRQHandler
                0x08000594                COMP1_2_3_IRQHandler
                0x08000594                EXTI1_IRQHandler
                0x08000594                I2C2_ER_IRQHandler
                0x08000594                DMA1_Channel2_IRQHandler
                0x08000594                TIM8_BRK_IRQHandler
                0x08000594                FLASH_IRQHandler
                0x08000594                BusFault_Handler
                0x08000594                USART1_IRQHandler
                0x08000594                SPI3_IRQHandler
                0x08000594                I2C1_ER_IRQHandler
                0x08000594                LPTIM1_IRQHandler
                0x08000594                DMAMUX_OVR_IRQHandler
                0x08000594                USBWakeUp_IRQHandler
                0x08000594                SAI1_IRQHandler
                0x08000594                DMA2_Channel3_IRQHandler
                0x08000594                COMP4_IRQHandler
 *fill*         0x08000596        0x2 
 .text.ASPEP_start
                0x08000598       0x28 ./Application/User/aspep.o
                0x08000598                ASPEP_start
 .text.ASPEP_sendBeacon
                0x080005c0       0x8c ./Application/User/aspep.o
                0x080005c0                ASPEP_sendBeacon
 .text.ASPEP_sendPing
                0x0800064c       0x8c ./Application/User/aspep.o
                0x0800064c                ASPEP_sendPing
 .text.ASPEP_getBuffer
                0x080006d8       0x60 ./Application/User/aspep.o
                0x080006d8                ASPEP_getBuffer
 .text.ASPEP_sendPacket
                0x08000738      0x118 ./Application/User/aspep.o
                0x08000738                ASPEP_sendPacket
 .text.ASPEP_HWDataTransmittedIT
                0x08000850       0x98 ./Application/User/aspep.o
                0x08000850                ASPEP_HWDataTransmittedIT
 .text.ASPEP_RXframeProcess
                0x080008e8      0x2b4 ./Application/User/aspep.o
                0x080008e8                ASPEP_RXframeProcess
 .text.ASPEP_HWDataReceivedIT
                0x08000b9c       0xa0 ./Application/User/aspep.o
                0x08000b9c                ASPEP_HWDataReceivedIT
 .text.ASPEP_HWReset
                0x08000c3c       0x14 ./Application/User/aspep.o
                0x08000c3c                ASPEP_HWReset
 .text.HF_GetIDSize
                0x08000c50       0x18 ./Application/User/hf_registers.o
                0x08000c50                HF_GetIDSize
 .text.HF_GetPtrReg
                0x08000c68      0x144 ./Application/User/hf_registers.o
                0x08000c68                HF_GetPtrReg
 *fill*         0x08000dac        0x4 
 .text.SystemClock_Config
                0x08000db0       0x78 ./Application/User/main.o
                0x08000db0                SystemClock_Config
 .text.startup.main
                0x08000e28      0x5e0 ./Application/User/main.o
                0x08000e28                main
 .text.Error_Handler
                0x08001408        0x4 ./Application/User/main.o
                0x08001408                Error_Handler
 .text.MC_StartMotor1
                0x0800140c        0xc ./Application/User/mc_api.o
                0x0800140c                MC_StartMotor1
 .text.MC_StopMotor1
                0x08001418        0xc ./Application/User/mc_api.o
                0x08001418                MC_StopMotor1
 .text.MC_GetSTMStateMotor1
                0x08001424        0xc ./Application/User/mc_api.o
                0x08001424                MC_GetSTMStateMotor1
 .text.MC_ProfilerCommand
                0x08001430        0x4 ./Application/User/mc_api.o
                0x08001430                MC_ProfilerCommand
 .text.MC_APP_BootHook
                0x08001434        0x4 ./Application/User/mc_app_hooks.o
                0x08001434                MC_APP_BootHook
 .text.MC_APP_PostMediumFrequencyHook_M1
                0x08001438        0x4 ./Application/User/mc_app_hooks.o
                0x08001438                MC_APP_PostMediumFrequencyHook_M1
 .text.MCI_ExecSpeedRamp
                0x0800143c       0x14 ./Application/User/mc_interface.o
                0x0800143c                MCI_ExecSpeedRamp
 .text.MCI_ExecTorqueRamp
                0x08001450       0x14 ./Application/User/mc_interface.o
                0x08001450                MCI_ExecTorqueRamp
 .text.MCI_SetCurrentReferences
                0x08001464       0x14 ./Application/User/mc_interface.o
                0x08001464                MCI_SetCurrentReferences
 .text.MCI_FaultProcessing
                0x08001478       0x18 ./Application/User/mc_interface.o
                0x08001478                MCI_FaultProcessing
 .text.MCI_ExecBufferedCommands
                0x08001490       0x70 ./Application/User/mc_interface.o
                0x08001490                MCI_ExecBufferedCommands
 .text.MCI_GetSTMState
                0x08001500        0x4 ./Application/User/mc_interface.o
                0x08001500                MCI_GetSTMState
 .text.MCI_GetOccurredFaults
                0x08001504        0x4 ./Application/User/mc_interface.o
                0x08001504                MCI_GetOccurredFaults
 .text.MCI_GetCurrentFaults
                0x08001508        0x4 ./Application/User/mc_interface.o
                0x08001508                MCI_GetCurrentFaults
 .text.MCI_StartMotor
                0x0800150c       0x2c ./Application/User/mc_interface.o
                0x0800150c                MCI_StartMotor
 .text.MCI_StopMotor
                0x08001538       0x38 ./Application/User/mc_interface.o
                0x08001538                MCI_StopMotor
 .text.MCI_FaultAcknowledged
                0x08001570       0x24 ./Application/User/mc_interface.o
                0x08001570                MCI_FaultAcknowledged
 .text.MCI_GetFaultState
                0x08001594        0xc ./Application/User/mc_interface.o
                0x08001594                MCI_GetFaultState
 .text.MCI_GetControlMode
                0x080015a0        0x4 ./Application/User/mc_interface.o
                0x080015a0                MCI_GetControlMode
 .text.MCI_GetImposedMotorDirection
                0x080015a4       0x44 ./Application/User/mc_interface.o
                0x080015a4                MCI_GetImposedMotorDirection
 .text.MCI_GetLastRampFinalSpeed
                0x080015e8        0x8 ./Application/User/mc_interface.o
                0x080015e8                MCI_GetLastRampFinalSpeed
 .text.MCI_GetLastRampFinalTorque
                0x080015f0        0x8 ./Application/User/mc_interface.o
                0x080015f0                MCI_GetLastRampFinalTorque
 .text.MCI_GetLastRampFinalDuration
                0x080015f8        0x4 ./Application/User/mc_interface.o
                0x080015f8                MCI_GetLastRampFinalDuration
 .text.MCI_StopRamp
                0x080015fc        0xc ./Application/User/mc_interface.o
                0x080015fc                MCI_StopRamp
 .text.MCI_GetAvrgMecSpeedUnit
                0x08001608        0x8 ./Application/User/mc_interface.o
                0x08001608                MCI_GetAvrgMecSpeedUnit
 .text.MCI_GetMecSpeedRefUnit
                0x08001610        0x8 ./Application/User/mc_interface.o
                0x08001610                MCI_GetMecSpeedRefUnit
 .text.MCI_GetIab
                0x08001618       0x14 ./Application/User/mc_interface.o
                0x08001618                MCI_GetIab
 .text.MCI_GetIalphabeta
                0x0800162c       0x14 ./Application/User/mc_interface.o
                0x0800162c                MCI_GetIalphabeta
 .text.MCI_GetIqd
                0x08001640       0x14 ./Application/User/mc_interface.o
                0x08001640                MCI_GetIqd
 .text.MCI_GetIqdref
                0x08001654       0x14 ./Application/User/mc_interface.o
                0x08001654                MCI_GetIqdref
 .text.MCI_GetVqd
                0x08001668       0x14 ./Application/User/mc_interface.o
                0x08001668                MCI_GetVqd
 .text.MCI_GetValphabeta
                0x0800167c       0x14 ./Application/User/mc_interface.o
                0x0800167c                MCI_GetValphabeta
 .text.MCI_GetTeref
                0x08001690        0x8 ./Application/User/mc_interface.o
                0x08001690                MCI_GetTeref
 .text.MCI_Clear_Iqdref
                0x08001698       0x14 ./Application/User/mc_interface.o
                0x08001698                MCI_Clear_Iqdref
 .text.MCM_Clarke
                0x080016ac       0x54 ./Application/User/mc_math.o
                0x080016ac                MCM_Clarke
 .text.MCM_Trig_Functions
                0x08001700       0x20 ./Application/User/mc_math.o
                0x08001700                MCM_Trig_Functions
 .text.MCM_Park
                0x08001720       0x84 ./Application/User/mc_math.o
                0x08001720                MCM_Park
 .text.MCM_Rev_Park
                0x080017a4       0x3c ./Application/User/mc_math.o
                0x080017a4                MCM_Rev_Park
 .text.MCM_Sqrt
                0x080017e0       0x20 ./Application/User/mc_math.o
                0x080017e0                MCM_Sqrt
 .text.MCboot   0x08001800       0x70 ./Application/User/mc_tasks.o
                0x08001800                MCboot
 .text.TSK_SetChargeBootCapDelayM1
                0x08001870        0xc ./Application/User/mc_tasks.o
                0x08001870                TSK_SetChargeBootCapDelayM1
 .text.TSK_ChargeBootCapDelayHasElapsedM1
                0x0800187c       0x14 ./Application/User/mc_tasks.o
                0x0800187c                TSK_ChargeBootCapDelayHasElapsedM1
 .text.TSK_SetStopPermanencyTimeM1
                0x08001890        0xc ./Application/User/mc_tasks.o
                0x08001890                TSK_SetStopPermanencyTimeM1
 .text.TSK_StopPermanencyTimeHasElapsedM1
                0x0800189c       0x14 ./Application/User/mc_tasks.o
                0x0800189c                TSK_StopPermanencyTimeHasElapsedM1
 .text.TSK_HighFrequencyTask
                0x080018b0       0x2c ./Application/User/mc_tasks.o
                0x080018b0                TSK_HighFrequencyTask
 .text.TSK_SafetyTask_PWMOFF
                0x080018dc       0x88 ./Application/User/mc_tasks.o
                0x080018dc                TSK_SafetyTask_PWMOFF
 .text.TSK_SafetyTask
                0x08001964       0x18 ./Application/User/mc_tasks.o
                0x08001964                TSK_SafetyTask
 .text.MC_RunMotorControlTasks
                0x0800197c       0x90 ./Application/User/mc_tasks.o
                0x0800197c                MC_RunMotorControlTasks
 .text.TSK_HardwareFaultTask
                0x08001a0c       0x1c ./Application/User/mc_tasks.o
                0x08001a0c                TSK_HardwareFaultTask
 .text.UI_HandleStartStopButton_cb
                0x08001a28       0x18 ./Application/User/mc_tasks.o
                0x08001a28                UI_HandleStartStopButton_cb
 .text.mc_lock_pins
                0x08001a40      0x158 ./Application/User/mc_tasks.o
                0x08001a40                mc_lock_pins
 .text.FOC_Clear
                0x08001b98       0x6c ./Application/User/mc_tasks_foc.o
                0x08001b98                FOC_Clear
 .text.FOC_Init
                0x08001c04       0xdc ./Application/User/mc_tasks_foc.o
                0x08001c04                FOC_Init
 .text.FOC_InitAdditionalMethods
                0x08001ce0        0x4 ./Application/User/mc_tasks_foc.o
                0x08001ce0                FOC_InitAdditionalMethods
 .text.FOC_CalcCurrRef
                0x08001ce4       0x50 ./Application/User/mc_tasks_foc.o
                0x08001ce4                FOC_CalcCurrRef
 .text.TSK_MediumFrequencyTaskM1
                0x08001d34      0x2e4 ./Application/User/mc_tasks_foc.o
                0x08001d34                TSK_MediumFrequencyTaskM1
 .text.FOC_HighFrequencyTask
                0x08002018      0x1b4 ./Application/User/mc_tasks_foc.o
                0x08002018                FOC_HighFrequencyTask
 .text.RI_SetRegCommandParser
                0x080021cc       0xe0 ./Application/User/mcp.o
                0x080021cc                RI_SetRegCommandParser
 .text.RI_GetRegCommandParser
                0x080022ac       0x8c ./Application/User/mcp.o
                0x080022ac                RI_GetRegCommandParser
 .text.MCP_ReceivedPacket
                0x08002338      0x188 ./Application/User/mcp.o
                0x08002338                MCP_ReceivedPacket
 .text.MX_MotorControl_Init
                0x080024c0       0x3c ./Application/User/motorcontrol.o
                0x080024c0                MX_MotorControl_Init
 .text.startTimers
                0x080024fc       0x9c ./Application/User/pwm_common.o
                0x080024fc                startTimers
 .text.waitForPolarizationEnd
                0x08002598       0x3c ./Application/User/pwm_common.o
                0x08002598                waitForPolarizationEnd
 .text.PWMC_SetPhaseVoltage
                0x080025d4      0x248 ./Application/User/pwm_curr_fdbk.o
                0x080025d4                PWMC_SetPhaseVoltage
 .text.PWMC_SwitchOffPWM
                0x0800281c        0x4 ./Application/User/pwm_curr_fdbk.o
                0x0800281c                PWMC_SwitchOffPWM
 .text.PWMC_SwitchOnPWM
                0x08002820        0x4 ./Application/User/pwm_curr_fdbk.o
                0x08002820                PWMC_SwitchOnPWM
 .text.PWMC_CurrentReadingCalibr
                0x08002824       0x34 ./Application/User/pwm_curr_fdbk.o
                0x08002824                PWMC_CurrentReadingCalibr
 .text.PWMC_OCP_Handler
                0x08002858       0x14 ./Application/User/pwm_curr_fdbk.o
                0x08002858                PWMC_OCP_Handler
 .text.PWMC_OVP_Handler
                0x0800286c       0x1c ./Application/User/pwm_curr_fdbk.o
                0x0800286c                PWMC_OVP_Handler
 .text.PWMC_IsFaultOccurred
                0x08002888       0x38 ./Application/User/pwm_curr_fdbk.o
                0x08002888                PWMC_IsFaultOccurred
 .text.RCM_RegisterRegConv
                0x080028c0       0xcc ./Application/User/regular_conversion_manager.o
                0x080028c0                RCM_RegisterRegConv
 .text.RCM_ExecNextConv
                0x0800298c       0x6c ./Application/User/regular_conversion_manager.o
                0x0800298c                RCM_ExecNextConv
 .text.RCM_ReadOngoingConv
                0x080029f8       0x44 ./Application/User/regular_conversion_manager.o
                0x080029f8                RCM_ReadOngoingConv
 .text.STC_Init
                0x08002a3c       0x2c ./Application/User/speed_torq_ctrl.o
                0x08002a3c                STC_Init
 .text.STC_SetSpeedSensor
                0x08002a68        0x4 ./Application/User/speed_torq_ctrl.o
                0x08002a68                STC_SetSpeedSensor
 .text.STC_Clear
                0x08002a6c       0x18 ./Application/User/speed_torq_ctrl.o
                0x08002a6c                STC_Clear
 .text.STC_GetMecSpeedRefUnit
                0x08002a84        0x8 ./Application/User/speed_torq_ctrl.o
                0x08002a84                STC_GetMecSpeedRefUnit
 .text.STC_SetControlMode
                0x08002a8c        0x8 ./Application/User/speed_torq_ctrl.o
                0x08002a8c                STC_SetControlMode
 .text.STC_ExecRamp
                0x08002a94       0x90 ./Application/User/speed_torq_ctrl.o
                0x08002a94                STC_ExecRamp
 .text.STC_CalcTorqueReference
                0x08002b24       0x6c ./Application/User/speed_torq_ctrl.o
                0x08002b24                STC_CalcTorqueReference
 .text.STC_GetMecSpeedRefUnitDefault
                0x08002b90        0x8 ./Application/User/speed_torq_ctrl.o
                0x08002b90                STC_GetMecSpeedRefUnitDefault
 .text.STC_GetDefaultIqdref
                0x08002b98        0xc ./Application/User/speed_torq_ctrl.o
                0x08002b98                STC_GetDefaultIqdref
 .text.STC_ForceSpeedReferenceToCurrentSpeed
                0x08002ba4       0x10 ./Application/User/speed_torq_ctrl.o
                0x08002ba4                STC_ForceSpeedReferenceToCurrentSpeed
 .text.USART2_IRQHandler
                0x08002bb4      0x120 ./Application/User/stm32_mc_common_it.o
                0x08002bb4                USART2_IRQHandler
 .text.HardFault_Handler
                0x08002cd4        0x8 ./Application/User/stm32_mc_common_it.o
                0x08002cd4                HardFault_Handler
 .text.SysTick_Handler
                0x08002cdc       0x44 ./Application/User/stm32_mc_common_it.o
                0x08002cdc                SysTick_Handler
 .text.EXTI15_10_IRQHandler
                0x08002d20       0x18 ./Application/User/stm32_mc_common_it.o
                0x08002d20                EXTI15_10_IRQHandler
 .text.HAL_MspInit
                0x08002d38       0x40 ./Application/User/stm32g4xx_hal_msp.o
                0x08002d38                HAL_MspInit
 .text.HAL_ADC_MspInit
                0x08002d78      0x140 ./Application/User/stm32g4xx_hal_msp.o
                0x08002d78                HAL_ADC_MspInit
 .text.HAL_COMP_MspInit
                0x08002eb8       0xe8 ./Application/User/stm32g4xx_hal_msp.o
                0x08002eb8                HAL_COMP_MspInit
 .text.HAL_CORDIC_MspInit
                0x08002fa0       0x2c ./Application/User/stm32g4xx_hal_msp.o
                0x08002fa0                HAL_CORDIC_MspInit
 .text.HAL_DAC_MspInit
                0x08002fcc       0x30 ./Application/User/stm32g4xx_hal_msp.o
                0x08002fcc                HAL_DAC_MspInit
 *fill*         0x08002ffc        0x4 
 .text.HAL_OPAMP_MspInit
                0x08003000       0xe8 ./Application/User/stm32g4xx_hal_msp.o
                0x08003000                HAL_OPAMP_MspInit
 .text.HAL_TIM_PWM_MspInit
                0x080030e8       0x2c ./Application/User/stm32g4xx_hal_msp.o
                0x080030e8                HAL_TIM_PWM_MspInit
 .text.HAL_TIM_MspPostInit
                0x08003114       0xbc ./Application/User/stm32g4xx_hal_msp.o
                0x08003114                HAL_TIM_MspPostInit
 .text.HAL_UART_MspInit
                0x080031d0      0x10c ./Application/User/stm32g4xx_hal_msp.o
                0x080031d0                HAL_UART_MspInit
 .text.ADC1_2_IRQHandler
                0x080032dc       0x10 ./Application/User/stm32g4xx_mc_it.o
                0x080032dc                ADC1_2_IRQHandler
 .text.TIM1_UP_TIM16_IRQHandler
                0x080032ec       0x18 ./Application/User/stm32g4xx_mc_it.o
                0x080032ec                TIM1_UP_TIM16_IRQHandler
 .text.TIM1_BRK_TIM15_IRQHandler
                0x08003304       0x3c ./Application/User/stm32g4xx_mc_it.o
                0x08003304                TIM1_BRK_TIM15_IRQHandler
 .text.RI_SetRegisterGlobal
                0x08003340      0x100 ./Application/User/sync_registers.o
                0x08003340                RI_SetRegisterGlobal
 .text.RI_SetRegisterMotor1
                0x08003440      0x5bc ./Application/User/sync_registers.o
                0x08003440                RI_SetRegisterMotor1
 .text.RI_GetRegisterGlobal
                0x080039fc      0x134 ./Application/User/sync_registers.o
                0x080039fc                RI_GetRegisterGlobal
 .text.RI_GetRegisterMotor1
                0x08003b30      0x7d0 ./Application/User/sync_registers.o
                0x08003b30                RI_GetRegisterMotor1
 .text.UASPEP_INIT
                0x08004300       0x84 ./Application/User/usart_aspep_driver.o
                0x08004300                UASPEP_INIT
 .text.UASPEP_CFG_TRANSMISSION
                0x08004384       0x38 ./Application/User/usart_aspep_driver.o
                0x08004384                UASPEP_CFG_TRANSMISSION
 .text.UASPEP_CFG_RECEPTION
                0x080043bc       0x3c ./Application/User/usart_aspep_driver.o
                0x080043bc                UASPEP_CFG_RECEPTION
 .text.UASPEP_IDLE_ENABLE
                0x080043f8       0x18 ./Application/User/usart_aspep_driver.o
                0x080043f8                UASPEP_IDLE_ENABLE
 .text.SystemInit
                0x08004410       0x14 ./Drivers/CMSIS/system_stm32g4xx.o
                0x08004410                SystemInit
 .text.HAL_InitTick
                0x08004424       0x4c ./Drivers/STM32G4xx_HAL_Driver/stm32g4xx_hal.o
                0x08004424                HAL_InitTick
 .text.HAL_Init
                0x08004470       0x30 ./Drivers/STM32G4xx_HAL_Driver/stm32g4xx_hal.o
                0x08004470                HAL_Init
 .text.HAL_IncTick
                0x080044a0       0x18 ./Drivers/STM32G4xx_HAL_Driver/stm32g4xx_hal.o
                0x080044a0                HAL_IncTick
 .text.HAL_GetTick
                0x080044b8        0xc ./Drivers/STM32G4xx_HAL_Driver/stm32g4xx_hal.o
                0x080044b8                HAL_GetTick
 .text.HAL_ADC_Init
                0x080044c4      0x1e8 ./Drivers/STM32G4xx_HAL_Driver/stm32g4xx_hal_adc.o
                0x080044c4                HAL_ADC_Init
 .text.HAL_ADC_ConfigChannel
                0x080046ac      0x4e0 ./Drivers/STM32G4xx_HAL_Driver/stm32g4xx_hal_adc.o
                0x080046ac                HAL_ADC_ConfigChannel
 .text.HAL_ADCEx_InjectedConfigChannel
                0x08004b8c      0x5fc ./Drivers/STM32G4xx_HAL_Driver/stm32g4xx_hal_adc_ex.o
                0x08004b8c                HAL_ADCEx_InjectedConfigChannel
 .text.HAL_ADCEx_MultiModeConfigChannel
                0x08005188       0xc8 ./Drivers/STM32G4xx_HAL_Driver/stm32g4xx_hal_adc_ex.o
                0x08005188                HAL_ADCEx_MultiModeConfigChannel
 .text.HAL_COMP_Init
                0x08005250      0x140 ./Drivers/STM32G4xx_HAL_Driver/stm32g4xx_hal_comp.o
                0x08005250                HAL_COMP_Init
 .text.HAL_CORDIC_Init
                0x08005390       0x34 ./Drivers/STM32G4xx_HAL_Driver/stm32g4xx_hal_cordic.o
                0x08005390                HAL_CORDIC_Init
 .text.HAL_NVIC_SetPriorityGrouping
                0x080053c4       0x24 ./Drivers/STM32G4xx_HAL_Driver/stm32g4xx_hal_cortex.o
                0x080053c4                HAL_NVIC_SetPriorityGrouping
 .text.HAL_NVIC_SetPriority
                0x080053e8       0x78 ./Drivers/STM32G4xx_HAL_Driver/stm32g4xx_hal_cortex.o
                0x080053e8                HAL_NVIC_SetPriority
 .text.HAL_NVIC_EnableIRQ
                0x08005460       0x1c ./Drivers/STM32G4xx_HAL_Driver/stm32g4xx_hal_cortex.o
                0x08005460                HAL_NVIC_EnableIRQ
 .text.HAL_NVIC_SystemReset
                0x0800547c       0x24 ./Drivers/STM32G4xx_HAL_Driver/stm32g4xx_hal_cortex.o
                0x0800547c                HAL_NVIC_SystemReset
 .text.HAL_SYSTICK_Config
                0x080054a0       0x34 ./Drivers/STM32G4xx_HAL_Driver/stm32g4xx_hal_cortex.o
                0x080054a0                HAL_SYSTICK_Config
 .text.HAL_SYSTICK_Callback
                0x080054d4        0x4 ./Drivers/STM32G4xx_HAL_Driver/stm32g4xx_hal_cortex.o
                0x080054d4                HAL_SYSTICK_Callback
 .text.HAL_SYSTICK_IRQHandler
                0x080054d8        0x8 ./Drivers/STM32G4xx_HAL_Driver/stm32g4xx_hal_cortex.o
                0x080054d8                HAL_SYSTICK_IRQHandler
 .text.HAL_DAC_Init
                0x080054e0       0x2c ./Drivers/STM32G4xx_HAL_Driver/stm32g4xx_hal_dac.o
                0x080054e0                HAL_DAC_Init
 .text.HAL_DAC_ConfigChannel
                0x0800550c      0x1d8 ./Drivers/STM32G4xx_HAL_Driver/stm32g4xx_hal_dac.o
                0x0800550c                HAL_DAC_ConfigChannel
 .text.HAL_DMA_Init
                0x080056e4      0x124 ./Drivers/STM32G4xx_HAL_Driver/stm32g4xx_hal_dma.o
                0x080056e4                HAL_DMA_Init
 .text.HAL_GPIO_Init
                0x08005808      0x37c ./Drivers/STM32G4xx_HAL_Driver/stm32g4xx_hal_gpio.o
                0x08005808                HAL_GPIO_Init
 .text.HAL_OPAMP_Init
                0x08005b84       0xf0 ./Drivers/STM32G4xx_HAL_Driver/stm32g4xx_hal_opamp.o
                0x08005b84                HAL_OPAMP_Init
 .text.HAL_PWREx_ControlVoltageScaling
                0x08005c74       0xe4 ./Drivers/STM32G4xx_HAL_Driver/stm32g4xx_hal_pwr_ex.o
                0x08005c74                HAL_PWREx_ControlVoltageScaling
 .text.HAL_PWREx_DisableUCPDDeadBattery
                0x08005d58       0x10 ./Drivers/STM32G4xx_HAL_Driver/stm32g4xx_hal_pwr_ex.o
                0x08005d58                HAL_PWREx_DisableUCPDDeadBattery
 .text.HAL_RCC_OscConfig
                0x08005d68      0x48c ./Drivers/STM32G4xx_HAL_Driver/stm32g4xx_hal_rcc.o
                0x08005d68                HAL_RCC_OscConfig
 .text.HAL_RCC_GetSysClockFreq
                0x080061f4       0x70 ./Drivers/STM32G4xx_HAL_Driver/stm32g4xx_hal_rcc.o
                0x080061f4                HAL_RCC_GetSysClockFreq
 .text.HAL_RCC_ClockConfig
                0x08006264      0x208 ./Drivers/STM32G4xx_HAL_Driver/stm32g4xx_hal_rcc.o
                0x08006264                HAL_RCC_ClockConfig
 .text.HAL_RCC_GetHCLKFreq
                0x0800646c        0xc ./Drivers/STM32G4xx_HAL_Driver/stm32g4xx_hal_rcc.o
                0x0800646c                HAL_RCC_GetHCLKFreq
 .text.HAL_RCC_GetPCLK1Freq
                0x08006478       0x24 ./Drivers/STM32G4xx_HAL_Driver/stm32g4xx_hal_rcc.o
                0x08006478                HAL_RCC_GetPCLK1Freq
 .text.HAL_RCC_GetPCLK2Freq
                0x0800649c       0x24 ./Drivers/STM32G4xx_HAL_Driver/stm32g4xx_hal_rcc.o
                0x0800649c                HAL_RCC_GetPCLK2Freq
 .text.HAL_RCC_EnableCSS
                0x080064c0       0x10 ./Drivers/STM32G4xx_HAL_Driver/stm32g4xx_hal_rcc.o
                0x080064c0                HAL_RCC_EnableCSS
 .text.HAL_RCCEx_PeriphCLKConfig
                0x080064d0      0x29c ./Drivers/STM32G4xx_HAL_Driver/stm32g4xx_hal_rcc_ex.o
                0x080064d0                HAL_RCCEx_PeriphCLKConfig
 .text.TIM_OC1_SetConfig
                0x0800676c       0x78 ./Drivers/STM32G4xx_HAL_Driver/stm32g4xx_hal_tim.o
 .text.TIM_OC3_SetConfig
                0x080067e4       0x80 ./Drivers/STM32G4xx_HAL_Driver/stm32g4xx_hal_tim.o
 .text.TIM_OC4_SetConfig
                0x08006864       0x84 ./Drivers/STM32G4xx_HAL_Driver/stm32g4xx_hal_tim.o
 .text.HAL_TIM_PWM_Init
                0x080068e8       0xfc ./Drivers/STM32G4xx_HAL_Driver/stm32g4xx_hal_tim.o
                0x080068e8                HAL_TIM_PWM_Init
 .text.TIM_OC2_SetConfig
                0x080069e4       0x84 ./Drivers/STM32G4xx_HAL_Driver/stm32g4xx_hal_tim.o
                0x080069e4                TIM_OC2_SetConfig
 .text.HAL_TIM_PWM_ConfigChannel
                0x08006a68      0x1cc ./Drivers/STM32G4xx_HAL_Driver/stm32g4xx_hal_tim.o
                0x08006a68                HAL_TIM_PWM_ConfigChannel
 .text.HAL_TIMEx_MasterConfigSynchronization
                0x08006c34       0xa4 ./Drivers/STM32G4xx_HAL_Driver/stm32g4xx_hal_tim_ex.o
                0x08006c34                HAL_TIMEx_MasterConfigSynchronization
 .text.HAL_TIMEx_ConfigBreakDeadTime
                0x08006cd8       0x9c ./Drivers/STM32G4xx_HAL_Driver/stm32g4xx_hal_tim_ex.o
                0x08006cd8                HAL_TIMEx_ConfigBreakDeadTime
 .text.HAL_TIMEx_ConfigBreakInput
                0x08006d74       0xb0 ./Drivers/STM32G4xx_HAL_Driver/stm32g4xx_hal_tim_ex.o
                0x08006d74                HAL_TIMEx_ConfigBreakInput
 .text.UART_SetConfig
                0x08006e24      0x278 ./Drivers/STM32G4xx_HAL_Driver/stm32g4xx_hal_uart.o
                0x08006e24                UART_SetConfig
 .text.UART_AdvFeatureConfig
                0x0800709c       0xb0 ./Drivers/STM32G4xx_HAL_Driver/stm32g4xx_hal_uart.o
                0x0800709c                UART_AdvFeatureConfig
 .text.UART_CheckIdleState
                0x0800714c      0x258 ./Drivers/STM32G4xx_HAL_Driver/stm32g4xx_hal_uart.o
                0x0800714c                UART_CheckIdleState
 .text.HAL_UART_Init
                0x080073a4       0x68 ./Drivers/STM32G4xx_HAL_Driver/stm32g4xx_hal_uart.o
                0x080073a4                HAL_UART_Init
 .text.HAL_UARTEx_DisableFifoMode
                0x0800740c       0x3c ./Drivers/STM32G4xx_HAL_Driver/stm32g4xx_hal_uart_ex.o
                0x0800740c                HAL_UARTEx_DisableFifoMode
 .text.HAL_UARTEx_SetTxFifoThreshold
                0x08007448       0x84 ./Drivers/STM32G4xx_HAL_Driver/stm32g4xx_hal_uart_ex.o
                0x08007448                HAL_UARTEx_SetTxFifoThreshold
 .text.HAL_UARTEx_SetRxFifoThreshold
                0x080074cc       0x84 ./Drivers/STM32G4xx_HAL_Driver/stm32g4xx_hal_uart_ex.o
                0x080074cc                HAL_UARTEx_SetRxFifoThreshold
 .text.VBS_GetAvBusVoltage_V
                0x08007550        0xc ./Middlewares/MotorControl/bus_voltage_sensor.o
                0x08007550                VBS_GetAvBusVoltage_V
 .text.Circle_Limitation
                0x0800755c       0x5c ./Middlewares/MotorControl/circle_limitation.o
                0x0800755c                Circle_Limitation
 .text.MCPA_dataLog
                0x080075b8      0x17c ./Middlewares/MotorControl/mcpa.o
                0x080075b8                MCPA_dataLog
 .text.MCPA_cfgLog
                0x08007734       0xf4 ./Middlewares/MotorControl/mcpa.o
                0x08007734                MCPA_cfgLog
 .text.NTC_Init
                0x08007828       0x24 ./Middlewares/MotorControl/ntc_temperature_sensor.o
                0x08007828                NTC_Init
 .text.NTC_CalcAvTemp
                0x0800784c       0x4c ./Middlewares/MotorControl/ntc_temperature_sensor.o
                0x0800784c                NTC_CalcAvTemp
 .text.NTC_GetAvTemp_C
                0x08007898       0x24 ./Middlewares/MotorControl/ntc_temperature_sensor.o
                0x08007898                NTC_GetAvTemp_C
 .text.PID_HandleInit
                0x080078bc       0x10 ./Middlewares/MotorControl/pid_regulator.o
                0x080078bc                PID_HandleInit
 .text.PID_SetKP
                0x080078cc        0x4 ./Middlewares/MotorControl/pid_regulator.o
                0x080078cc                PID_SetKP
 .text.PID_SetKI
                0x080078d0        0x4 ./Middlewares/MotorControl/pid_regulator.o
                0x080078d0                PID_SetKI
 .text.PID_GetKP
                0x080078d4        0x8 ./Middlewares/MotorControl/pid_regulator.o
                0x080078d4                PID_GetKP
 .text.PID_GetKI
                0x080078dc        0x8 ./Middlewares/MotorControl/pid_regulator.o
                0x080078dc                PID_GetKI
 .text.PID_SetIntegralTerm
                0x080078e4        0x4 ./Middlewares/MotorControl/pid_regulator.o
                0x080078e4                PID_SetIntegralTerm
 .text.PID_GetKPDivisorPOW2
                0x080078e8        0x4 ./Middlewares/MotorControl/pid_regulator.o
                0x080078e8                PID_GetKPDivisorPOW2
 .text.PID_SetKPDivisorPOW2
                0x080078ec        0xc ./Middlewares/MotorControl/pid_regulator.o
                0x080078ec                PID_SetKPDivisorPOW2
 .text.PID_GetKIDivisorPOW2
                0x080078f8        0x4 ./Middlewares/MotorControl/pid_regulator.o
                0x080078f8                PID_GetKIDivisorPOW2
 .text.PID_SetLowerIntegralTermLimit
                0x080078fc        0x4 ./Middlewares/MotorControl/pid_regulator.o
                0x080078fc                PID_SetLowerIntegralTermLimit
 .text.PID_SetUpperIntegralTermLimit
                0x08007900        0x4 ./Middlewares/MotorControl/pid_regulator.o
                0x08007900                PID_SetUpperIntegralTermLimit
 .text.PID_SetKIDivisorPOW2
                0x08007904       0x28 ./Middlewares/MotorControl/pid_regulator.o
                0x08007904                PID_SetKIDivisorPOW2
 .text.PID_SetKD
                0x0800792c        0x4 ./Middlewares/MotorControl/pid_regulator.o
                0x0800792c                PID_SetKD
 .text.PID_GetKD
                0x08007930        0x8 ./Middlewares/MotorControl/pid_regulator.o
                0x08007930                PID_GetKD
 .text.PID_GetKDDivisorPOW2
                0x08007938        0x4 ./Middlewares/MotorControl/pid_regulator.o
                0x08007938                PID_GetKDDivisorPOW2
 .text.PID_SetKDDivisorPOW2
                0x0800793c        0xc ./Middlewares/MotorControl/pid_regulator.o
                0x0800793c                PID_SetKDDivisorPOW2
 .text.PI_Controller
                0x08007948       0x80 ./Middlewares/MotorControl/pid_regulator.o
                0x08007948                PI_Controller
 .text.PQD_CalcElMotorPower
                0x080079c8       0x38 ./Middlewares/MotorControl/pqd_motor_power_measurement.o
                0x080079c8                PQD_CalcElMotorPower
 .text.PQD_GetAvrgElMotorPowerW
                0x08007a00       0x34 ./Middlewares/MotorControl/pqd_motor_power_measurement.o
                0x08007a00                PQD_GetAvrgElMotorPowerW
 .text.R3_2_ADCxInit
                0x08007a34       0xdc ./Middlewares/MotorControl/r3_2_g4xx_pwm_curr_fdbk.o
 .text.R3_2_GetPhaseCurrents
                0x08007b10      0x17c ./Middlewares/MotorControl/r3_2_g4xx_pwm_curr_fdbk.o
                0x08007b10                R3_2_GetPhaseCurrents
 .text.R3_2_SetADCSampPointPolarization
                0x08007c8c       0x44 ./Middlewares/MotorControl/r3_2_g4xx_pwm_curr_fdbk.o
                0x08007c8c                R3_2_SetADCSampPointPolarization
 .text.R3_2_HFCurrentsPolarizationAB
                0x08007cd0       0x58 ./Middlewares/MotorControl/r3_2_g4xx_pwm_curr_fdbk.o
 .text.R3_2_HFCurrentsPolarizationC
                0x08007d28       0x4c ./Middlewares/MotorControl/r3_2_g4xx_pwm_curr_fdbk.o
 .text.R3_2_SwitchOnPWM
                0x08007d74       0xc0 ./Middlewares/MotorControl/r3_2_g4xx_pwm_curr_fdbk.o
                0x08007d74                R3_2_SwitchOnPWM
 .text.R3_2_RLGetPhaseCurrents
                0x08007e34       0x54 ./Middlewares/MotorControl/r3_2_g4xx_pwm_curr_fdbk.o
 .text.R3_2_RLSwitchOnPWM
                0x08007e88       0x84 ./Middlewares/MotorControl/r3_2_g4xx_pwm_curr_fdbk.o
 .text.R3_2_TurnOnLowSides
                0x08007f0c       0x74 ./Middlewares/MotorControl/r3_2_g4xx_pwm_curr_fdbk.o
                0x08007f0c                R3_2_TurnOnLowSides
 .text.R3_2_SwitchOffPWM
                0x08007f80       0x4c ./Middlewares/MotorControl/r3_2_g4xx_pwm_curr_fdbk.o
                0x08007f80                R3_2_SwitchOffPWM
 .text.R3_2_SetAOReferenceVoltage
                0x08007fcc       0x94 ./Middlewares/MotorControl/r3_2_g4xx_pwm_curr_fdbk.o
 .text.R3_2_RLTurnOnLowSides
                0x08008060       0x4c ./Middlewares/MotorControl/r3_2_g4xx_pwm_curr_fdbk.o
 .text.R3_2_Init
                0x080080ac      0x2a8 ./Middlewares/MotorControl/r3_2_g4xx_pwm_curr_fdbk.o
                0x080080ac                R3_2_Init
 .text.R3_2_SetOffsetCalib
                0x08008354       0x1c ./Middlewares/MotorControl/r3_2_g4xx_pwm_curr_fdbk.o
                0x08008354                R3_2_SetOffsetCalib
 .text.R3_2_GetOffsetCalib
                0x08008370       0x10 ./Middlewares/MotorControl/r3_2_g4xx_pwm_curr_fdbk.o
                0x08008370                R3_2_GetOffsetCalib
 .text.R3_2_CurrentReadingPolarization
                0x08008380      0x128 ./Middlewares/MotorControl/r3_2_g4xx_pwm_curr_fdbk.o
                0x08008380                R3_2_CurrentReadingPolarization
 .text.R3_2_SetADCSampPointSectX
                0x080084a8       0x88 ./Middlewares/MotorControl/r3_2_g4xx_pwm_curr_fdbk.o
                0x080084a8                R3_2_SetADCSampPointSectX
 .text.R3_2_TIMx_UP_IRQHandler
                0x08008530       0x80 ./Middlewares/MotorControl/r3_2_g4xx_pwm_curr_fdbk.o
                0x08008530                R3_2_TIMx_UP_IRQHandler
 .text.R3_2_RLDetectionModeEnable
                0x080085b0       0xd4 ./Middlewares/MotorControl/r3_2_g4xx_pwm_curr_fdbk.o
                0x080085b0                R3_2_RLDetectionModeEnable
 .text.R3_2_RLDetectionModeDisable
                0x08008684      0x12c ./Middlewares/MotorControl/r3_2_g4xx_pwm_curr_fdbk.o
                0x08008684                R3_2_RLDetectionModeDisable
 .text.R3_2_RLDetectionModeSetDuty
                0x080087b0       0x7c ./Middlewares/MotorControl/r3_2_g4xx_pwm_curr_fdbk.o
                0x080087b0                R3_2_RLDetectionModeSetDuty
 .text.R3_2_RLTurnOnLowSidesAndStart
                0x0800882c       0x9c ./Middlewares/MotorControl/r3_2_g4xx_pwm_curr_fdbk.o
                0x0800882c                R3_2_RLTurnOnLowSidesAndStart
 .text.RVBS_Init
                0x080088c8        0xc ./Middlewares/MotorControl/r_divider_bus_voltage_sensor.o
                0x080088c8                RVBS_Init
 .text.RVBS_CalcAvVbus
                0x080088d4       0x70 ./Middlewares/MotorControl/r_divider_bus_voltage_sensor.o
                0x080088d4                RVBS_CalcAvVbus
 .text.REMNG_Init
                0x08008944       0x10 ./Middlewares/MotorControl/ramp_ext_mngr.o
                0x08008944                REMNG_Init
 .text.REMNG_Calc
                0x08008954       0x44 ./Middlewares/MotorControl/ramp_ext_mngr.o
                0x08008954                REMNG_Calc
 .text.REMNG_RampCompleted
                0x08008998        0xc ./Middlewares/MotorControl/ramp_ext_mngr.o
                0x08008998                REMNG_RampCompleted
 .text.getScalingFactor
                0x080089a4       0x38 ./Middlewares/MotorControl/ramp_ext_mngr.o
                0x080089a4                getScalingFactor
 .text.REMNG_ExecRamp
                0x080089dc       0x8c ./Middlewares/MotorControl/ramp_ext_mngr.o
                0x080089dc                REMNG_ExecRamp
 .text.RUC_Init
                0x08008a68       0x78 ./Middlewares/MotorControl/revup_ctrl.o
                0x08008a68                RUC_Init
 .text.RUC_Clear
                0x08008ae0       0x98 ./Middlewares/MotorControl/revup_ctrl.o
                0x08008ae0                RUC_Clear
 .text.RUC_Exec
                0x08008b78       0x70 ./Middlewares/MotorControl/revup_ctrl.o
                0x08008b78                RUC_Exec
 .text.RUC_FirstAccelerationStageReached
                0x08008be8       0x14 ./Middlewares/MotorControl/revup_ctrl.o
                0x08008be8                RUC_FirstAccelerationStageReached
 .text.SPD_GetAvrgMecSpeedUnit
                0x08008bfc        0x8 ./Middlewares/MotorControl/speed_pos_fdbk.o
                0x08008bfc                SPD_GetAvrgMecSpeedUnit
 .text.SPD_IsMecSpeedReliable
                0x08008c04       0x6c ./Middlewares/MotorControl/speed_pos_fdbk.o
                0x08008c04                SPD_IsMecSpeedReliable
 .text.SPD_GetS16Speed
                0x08008c70        0x8 ./Middlewares/MotorControl/speed_pos_fdbk.o
                0x08008c70                SPD_GetS16Speed
 .text.STO_PLL_CalcElAngle
                0x08008c78      0x1e4 ./Middlewares/MotorControl/sto_pll_speed_pos_fdbk.o
                0x08008c78                STO_PLL_CalcElAngle
 .text.STO_PLL_CalcAvrgMecSpeedUnit
                0x08008e5c      0x158 ./Middlewares/MotorControl/sto_pll_speed_pos_fdbk.o
                0x08008e5c                STO_PLL_CalcAvrgMecSpeedUnit
 .text.STO_PLL_CalcAvrgElSpeedDpp
                0x08008fb4       0x58 ./Middlewares/MotorControl/sto_pll_speed_pos_fdbk.o
                0x08008fb4                STO_PLL_CalcAvrgElSpeedDpp
 .text.STO_PLL_Clear
                0x0800900c       0x4c ./Middlewares/MotorControl/sto_pll_speed_pos_fdbk.o
                0x0800900c                STO_PLL_Clear
 .text.STO_PLL_Init
                0x08009058       0x74 ./Middlewares/MotorControl/sto_pll_speed_pos_fdbk.o
                0x08009058                STO_PLL_Init
 .text.STO_PLL_IsObserverConverged
                0x080090cc       0xcc ./Middlewares/MotorControl/sto_pll_speed_pos_fdbk.o
                0x080090cc                STO_PLL_IsObserverConverged
 .text.STO_PLL_GetEstimatedBemf
                0x08009198        0x8 ./Middlewares/MotorControl/sto_pll_speed_pos_fdbk.o
                0x08009198                STO_PLL_GetEstimatedBemf
 .text.STO_PLL_GetEstimatedCurrent
                0x080091a0       0x24 ./Middlewares/MotorControl/sto_pll_speed_pos_fdbk.o
                0x080091a0                STO_PLL_GetEstimatedCurrent
 .text.STO_PLL_GetObserverGains
                0x080091c4       0x10 ./Middlewares/MotorControl/sto_pll_speed_pos_fdbk.o
                0x080091c4                STO_PLL_GetObserverGains
 .text.STO_PLL_SetObserverGains
                0x080091d4        0x8 ./Middlewares/MotorControl/sto_pll_speed_pos_fdbk.o
                0x080091d4                STO_PLL_SetObserverGains
 .text.STO_OTF_ResetPLL
                0x080091dc        0xc ./Middlewares/MotorControl/sto_pll_speed_pos_fdbk.o
                0x080091dc                STO_OTF_ResetPLL
 .text.STO_PLL_IsVarianceTight
                0x080091e8        0x8 ./Middlewares/MotorControl/sto_pll_speed_pos_fdbk.o
                0x080091e8                STO_PLL_IsVarianceTight
 .text.STO_PLL_ForceConvergency1
                0x080091f0        0xc ./Middlewares/MotorControl/sto_pll_speed_pos_fdbk.o
                0x080091f0                STO_PLL_ForceConvergency1
 .text.STO_PLL_ForceConvergency2
                0x080091fc        0xc ./Middlewares/MotorControl/sto_pll_speed_pos_fdbk.o
                0x080091fc                STO_PLL_ForceConvergency2
 .text.STO_SetDirection
                0x08009208        0x8 ./Middlewares/MotorControl/sto_pll_speed_pos_fdbk.o
                0x08009208                STO_SetDirection
 .text.VSS_Clear
                0x08009210       0x1c ./Middlewares/MotorControl/virtual_speed_sensor.o
                0x08009210                VSS_Clear
 .text.VSS_Init
                0x0800922c        0x8 ./Middlewares/MotorControl/virtual_speed_sensor.o
                0x0800922c                VSS_Init
 .text.VSS_CalcElAngle
                0x08009234       0xa4 ./Middlewares/MotorControl/virtual_speed_sensor.o
                0x08009234                VSS_CalcElAngle
 .text.VSS_CalcAvrgMecSpeedUnit
                0x080092d8       0xa4 ./Middlewares/MotorControl/virtual_speed_sensor.o
                0x080092d8                VSS_CalcAvrgMecSpeedUnit
 .text.VSS_SetMecAcceleration
                0x0800937c       0x78 ./Middlewares/MotorControl/virtual_speed_sensor.o
                0x0800937c                VSS_SetMecAcceleration
 .text.VSS_SetStartTransition
                0x080093f4       0x1c ./Middlewares/MotorControl/virtual_speed_sensor.o
                0x080093f4                VSS_SetStartTransition
 .text.VSS_TransitionEnded
                0x08009410        0x8 ./Middlewares/MotorControl/virtual_speed_sensor.o
                0x08009410                VSS_TransitionEnded
 .text.memset   0x08009418       0x10 C:/ST/STM32CubeIDE_1.18.1/STM32CubeIDE/plugins/com.st.stm32cube.ide.mcu.externaltools.gnu-tools-for-stm32.13.3.rel1.win32_1.0.0.202411081344/tools/bin/../lib/gcc/arm-none-eabi/13.3.1/../../../../arm-none-eabi/lib/thumb/v7e-m+fp/hard\libc_nano.a(libc_a-memset.o)
                0x08009418                memset
 .text.__libc_init_array
                0x08009428       0x48 C:/ST/STM32CubeIDE_1.18.1/STM32CubeIDE/plugins/com.st.stm32cube.ide.mcu.externaltools.gnu-tools-for-stm32.13.3.rel1.win32_1.0.0.202411081344/tools/bin/../lib/gcc/arm-none-eabi/13.3.1/../../../../arm-none-eabi/lib/thumb/v7e-m+fp/hard\libc_nano.a(libc_a-init.o)
                0x08009428                __libc_init_array
 .text.memcpy   0x08009470       0x1c C:/ST/STM32CubeIDE_1.18.1/STM32CubeIDE/plugins/com.st.stm32cube.ide.mcu.externaltools.gnu-tools-for-stm32.13.3.rel1.win32_1.0.0.202411081344/tools/bin/../lib/gcc/arm-none-eabi/13.3.1/../../../../arm-none-eabi/lib/thumb/v7e-m+fp/hard\libc_nano.a(libc_a-memcpy-stub.o)
                0x08009470                memcpy
 *(.glue_7)
 .glue_7        0x0800948c        0x0 linker stubs
 *(.glue_7t)
 .glue_7t       0x0800948c        0x0 linker stubs
 *(.eh_frame)
 .eh_frame      0x0800948c        0x0 C:/ST/STM32CubeIDE_1.18.1/STM32CubeIDE/plugins/com.st.stm32cube.ide.mcu.externaltools.gnu-tools-for-stm32.13.3.rel1.win32_1.0.0.202411081344/tools/bin/../lib/gcc/arm-none-eabi/13.3.1/thumb/v7e-m+fp/hard/crtbegin.o
 *(.init)
 .init          0x0800948c        0x4 C:/ST/STM32CubeIDE_1.18.1/STM32CubeIDE/plugins/com.st.stm32cube.ide.mcu.externaltools.gnu-tools-for-stm32.13.3.rel1.win32_1.0.0.202411081344/tools/bin/../lib/gcc/arm-none-eabi/13.3.1/thumb/v7e-m+fp/hard/crti.o
                0x0800948c                _init
 .init          0x08009490        0x8 C:/ST/STM32CubeIDE_1.18.1/STM32CubeIDE/plugins/com.st.stm32cube.ide.mcu.externaltools.gnu-tools-for-stm32.13.3.rel1.win32_1.0.0.202411081344/tools/bin/../lib/gcc/arm-none-eabi/13.3.1/thumb/v7e-m+fp/hard/crtn.o
 *(.fini)
 .fini          0x08009498        0x4 C:/ST/STM32CubeIDE_1.18.1/STM32CubeIDE/plugins/com.st.stm32cube.ide.mcu.externaltools.gnu-tools-for-stm32.13.3.rel1.win32_1.0.0.202411081344/tools/bin/../lib/gcc/arm-none-eabi/13.3.1/thumb/v7e-m+fp/hard/crti.o
                0x08009498                _fini
 .fini          0x0800949c        0x8 C:/ST/STM32CubeIDE_1.18.1/STM32CubeIDE/plugins/com.st.stm32cube.ide.mcu.externaltools.gnu-tools-for-stm32.13.3.rel1.win32_1.0.0.202411081344/tools/bin/../lib/gcc/arm-none-eabi/13.3.1/thumb/v7e-m+fp/hard/crtn.o
                0x080094a4                        . = ALIGN (0x4)
                0x080094a4                        _etext = .

.vfp11_veneer   0x080094a4        0x0
 .vfp11_veneer  0x080094a4        0x0 linker stubs

.v4_bx          0x080094a4        0x0
 .v4_bx         0x080094a4        0x0 linker stubs

.iplt           0x080094a4        0x0
 .iplt          0x080094a4        0x0 C:/ST/STM32CubeIDE_1.18.1/STM32CubeIDE/plugins/com.st.stm32cube.ide.mcu.externaltools.gnu-tools-for-stm32.13.3.rel1.win32_1.0.0.202411081344/tools/bin/../lib/gcc/arm-none-eabi/13.3.1/thumb/v7e-m+fp/hard/crtbegin.o

.rodata         0x080094a4      0x414
                0x080094a4                        . = ALIGN (0x4)
 *(.rodata)
 *(.rodata*)
 .rodata.CRC4_Lookup4
                0x080094a4       0x10 ./Application/User/aspep.o
 .rodata.CRC4_Lookup8
                0x080094b4      0x100 ./Application/User/aspep.o
 .rodata.CSWTCH.1
                0x080095b4       0x11 ./Application/User/hf_registers.o
 *fill*         0x080095c5        0x3 
 .rodata.M1_FOCConfig_reg
                0x080095c8        0xe ./Application/User/mc_configuration_registers.o
 *fill*         0x080095d6        0x2 
 .rodata.M1_MotorConfig_reg
                0x080095d8       0x3c ./Application/User/mc_configuration_registers.o
 .rodata.M1_ApplicationConfig_reg
                0x08009614       0x10 ./Application/User/mc_configuration_registers.o
 .rodata.globalConfig_reg
                0x08009624        0xa ./Application/User/mc_configuration_registers.o
                0x08009624                globalConfig_reg
 *fill*         0x0800962e        0x2 
 .rodata.FIRMWARE_NAME
                0x08009630       0x14 ./Application/User/mc_configuration_registers.o
                0x08009630                FIRMWARE_NAME
 .rodata.M1_PWR_BOARD
                0x08009644        0xd ./Application/User/mc_configuration_registers.o
 *fill*         0x08009651        0x3 
 .rodata.CTL_BOARD
                0x08009654        0xd ./Application/User/mc_configuration_registers.o
                0x08009654                CTL_BOARD
 *fill*         0x08009661        0x3 
 .rodata.R3_2_ParamsM1
                0x08009664       0xac ./Application/User/mc_parameters.o
                0x08009664                R3_2_ParamsM1
 .rodata.R3_3_OPAMPParamsM1
                0x08009710       0x60 ./Application/User/mc_parameters.o
                0x08009710                R3_3_OPAMPParamsM1
 .rodata.CHANNEL_OFFSET_TAB
                0x08009770        0x6 ./Application/User/usart_aspep_driver.o
 *fill*         0x08009776        0x2 
 .rodata.APBPrescTable
                0x08009778        0x8 ./Drivers/CMSIS/system_stm32g4xx.o
                0x08009778                APBPrescTable
 .rodata.AHBPrescTable
                0x08009780       0x10 ./Drivers/CMSIS/system_stm32g4xx.o
                0x08009780                AHBPrescTable
 .rodata.CSWTCH.115
                0x08009790       0x40 ./Drivers/STM32G4xx_HAL_Driver/stm32g4xx_hal_tim_ex.o
 .rodata.CSWTCH.114
                0x080097d0       0x40 ./Drivers/STM32G4xx_HAL_Driver/stm32g4xx_hal_tim_ex.o
 .rodata.CSWTCH.113
                0x08009810       0x40 ./Drivers/STM32G4xx_HAL_Driver/stm32g4xx_hal_tim_ex.o
 .rodata.CSWTCH.112
                0x08009850       0x40 ./Drivers/STM32G4xx_HAL_Driver/stm32g4xx_hal_tim_ex.o
 .rodata.UARTPrescTable
                0x08009890       0x18 ./Drivers/STM32G4xx_HAL_Driver/stm32g4xx_hal_uart.o
                0x08009890                UARTPrescTable
 .rodata.denominator.0
                0x080098a8        0x8 ./Drivers/STM32G4xx_HAL_Driver/stm32g4xx_hal_uart_ex.o
 .rodata.numerator.1
                0x080098b0        0x8 ./Drivers/STM32G4xx_HAL_Driver/stm32g4xx_hal_uart_ex.o
                0x080098b8                        . = ALIGN (0x4)

.ARM.extab      0x080098b8        0x0
                0x080098b8                        . = ALIGN (0x4)
 *(.ARM.extab* .gnu.linkonce.armextab.*)
                0x080098b8                        . = ALIGN (0x4)

.ARM            0x080098b8        0x8
                0x080098b8                        . = ALIGN (0x4)
                0x080098b8                        __exidx_start = .
 *(.ARM.exidx*)
 .ARM.exidx     0x080098b8        0x8 C:/ST/STM32CubeIDE_1.18.1/STM32CubeIDE/plugins/com.st.stm32cube.ide.mcu.externaltools.gnu-tools-for-stm32.13.3.rel1.win32_1.0.0.202411081344/tools/bin/../lib/gcc/arm-none-eabi/13.3.1/thumb/v7e-m+fp/hard\libgcc.a(_udivmoddi4.o)
                0x080098c0                        __exidx_end = .
                0x080098c0                        . = ALIGN (0x4)

.preinit_array  0x080098c0        0x0
                0x080098c0                        . = ALIGN (0x4)
                0x080098c0                        PROVIDE (__preinit_array_start = .)
 *(.preinit_array*)
                0x080098c0                        PROVIDE (__preinit_array_end = .)
                0x080098c0                        . = ALIGN (0x4)

.init_array     0x080098c0        0x4
                0x080098c0                        . = ALIGN (0x4)
                0x080098c0                        PROVIDE (__init_array_start = .)
 *(SORT_BY_NAME(.init_array.*))
 *(.init_array*)
 .init_array    0x080098c0        0x4 C:/ST/STM32CubeIDE_1.18.1/STM32CubeIDE/plugins/com.st.stm32cube.ide.mcu.externaltools.gnu-tools-for-stm32.13.3.rel1.win32_1.0.0.202411081344/tools/bin/../lib/gcc/arm-none-eabi/13.3.1/thumb/v7e-m+fp/hard/crtbegin.o
                0x080098c4                        PROVIDE (__init_array_end = .)
                0x080098c4                        . = ALIGN (0x4)

.fini_array     0x080098c4        0x4
                0x080098c4                        . = ALIGN (0x4)
                [!provide]                        PROVIDE (__fini_array_start = .)
 *(SORT_BY_NAME(.fini_array.*))
 *(.fini_array*)
 .fini_array    0x080098c4        0x4 C:/ST/STM32CubeIDE_1.18.1/STM32CubeIDE/plugins/com.st.stm32cube.ide.mcu.externaltools.gnu-tools-for-stm32.13.3.rel1.win32_1.0.0.202411081344/tools/bin/../lib/gcc/arm-none-eabi/13.3.1/thumb/v7e-m+fp/hard/crtbegin.o
                [!provide]                        PROVIDE (__fini_array_end = .)
                0x080098c8                        . = ALIGN (0x4)
                0x080098c8                        _sidata = LOADADDR (.data)

.rel.dyn        0x080098c8        0x0
 .rel.iplt      0x080098c8        0x0 C:/ST/STM32CubeIDE_1.18.1/STM32CubeIDE/plugins/com.st.stm32cube.ide.mcu.externaltools.gnu-tools-for-stm32.13.3.rel1.win32_1.0.0.202411081344/tools/bin/../lib/gcc/arm-none-eabi/13.3.1/thumb/v7e-m+fp/hard/crtbegin.o

.data           0x20000000      0x4ec load address 0x080098c8
                0x20000000                        . = ALIGN (0x4)
                0x20000000                        _sdata = .
 *(.data)
 *(.data*)
 .data.Mci      0x20000000       0x28 ./Application/User/mc_config.o
                0x20000000                Mci
 .data.pMPM     0x20000028        0x4 ./Application/User/mc_config.o
                0x20000028                pMPM
 .data.pPIDId   0x2000002c        0x4 ./Application/User/mc_config.o
                0x2000002c                pPIDId
 .data.pPIDIq   0x20000030        0x4 ./Application/User/mc_config.o
                0x20000030                pPIDIq
 .data.pSTC     0x20000034        0x4 ./Application/User/mc_config.o
                0x20000034                pSTC
 .data.CircleLimitationM1
                0x20000038        0x4 ./Application/User/mc_config.o
                0x20000038                CircleLimitationM1
 .data.RampExtMngrHFParamsM1
                0x2000003c       0x18 ./Application/User/mc_config.o
                0x2000003c                RampExtMngrHFParamsM1
 .data.STO_M1   0x20000054       0x14 ./Application/User/mc_config.o
                0x20000054                STO_M1
 .data.STO_PLL_M1
                0x20000068      0x128 ./Application/User/mc_config.o
                0x20000068                STO_PLL_M1
 .data.PWM_Handle_M1
                0x20000190       0xa0 ./Application/User/mc_config.o
                0x20000190                PWM_Handle_M1
 .data.RevUpControlM1
                0x20000230       0x78 ./Application/User/mc_config.o
                0x20000230                RevUpControlM1
 .data.SpeednTorqCtrlM1
                0x200002a8       0x38 ./Application/User/mc_config.o
                0x200002a8                SpeednTorqCtrlM1
 .data.PIDIdHandle_M1
                0x200002e0       0x2c ./Application/User/mc_config.o
                0x200002e0                PIDIdHandle_M1
 .data.PIDIqHandle_M1
                0x2000030c       0x2c ./Application/User/mc_config.o
                0x2000030c                PIDIqHandle_M1
 .data.PIDSpeedHandle_M1
                0x20000338       0x2c ./Application/User/mc_config.o
                0x20000338                PIDSpeedHandle_M1
 .data.PQD_MotorPowMeasM1
                0x20000364       0x10 ./Application/User/mc_config.o
                0x20000364                PQD_MotorPowMeasM1
 .data.BusVoltageSensor_M1
                0x20000374       0x12 ./Application/User/mc_config_common.o
                0x20000374                BusVoltageSensor_M1
 *fill*         0x20000386        0x2 
 .data.VbusRegConv_M1
                0x20000388       0x10 ./Application/User/mc_config_common.o
                0x20000388                VbusRegConv_M1
 .data.TempSensor_M1
                0x20000398       0x18 ./Application/User/mc_config_common.o
                0x20000398                TempSensor_M1
 .data.TempRegConv_M1
                0x200003b0       0x10 ./Application/User/mc_config_common.o
                0x200003b0                TempRegConv_M1
 .data.VirtualSpeedSensorM1
                0x200003c0       0x38 ./Application/User/mc_config_common.o
                0x200003c0                VirtualSpeedSensorM1
 .data.ApplicationConfig_reg
                0x200003f8        0x4 ./Application/User/mc_configuration_registers.o
                0x200003f8                ApplicationConfig_reg
 .data.MotorConfig_reg
                0x200003fc        0x4 ./Application/User/mc_configuration_registers.o
                0x200003fc                MotorConfig_reg
 .data.FOCConfig_reg
                0x20000400        0x4 ./Application/User/mc_configuration_registers.o
                0x20000400                FOCConfig_reg
 .data.PWR_BOARD_NAME
                0x20000404        0x4 ./Application/User/mc_configuration_registers.o
                0x20000404                PWR_BOARD_NAME
 .data.scaleParams_M1
                0x20000408       0x10 ./Application/User/mc_parameters.o
                0x20000408                scaleParams_M1
 .data.MCPA_UART_A
                0x20000418       0x2c ./Application/User/mcp_config.o
                0x20000418                MCPA_UART_A
 .data.MCP_Over_UartA
                0x20000444       0x10 ./Application/User/mcp_config.o
                0x20000444                MCP_Over_UartA
 .data.aspepOverUartA
                0x20000454       0x74 ./Application/User/mcp_config.o
                0x20000454                aspepOverUartA
 .data.UASPEP_A
                0x200004c8       0x14 ./Application/User/mcp_config.o
 .data.SystickDividerCounter.0
                0x200004dc        0x1 ./Application/User/stm32_mc_common_it.o
 *fill*         0x200004dd        0x3 
 .data.SystemCoreClock
                0x200004e0        0x4 ./Drivers/CMSIS/system_stm32g4xx.o
                0x200004e0                SystemCoreClock
 .data.uwTickFreq
                0x200004e4        0x4 ./Drivers/STM32G4xx_HAL_Driver/stm32g4xx_hal.o
                0x200004e4                uwTickFreq
 .data.uwTickPrio
                0x200004e8        0x4 ./Drivers/STM32G4xx_HAL_Driver/stm32g4xx_hal.o
                0x200004e8                uwTickPrio
 *(.RamFunc)
 *(.RamFunc*)
                0x200004ec                        . = ALIGN (0x4)
                0x200004ec                        _edata = .

.igot.plt       0x200004ec        0x0 load address 0x08009db4
 .igot.plt      0x200004ec        0x0 C:/ST/STM32CubeIDE_1.18.1/STM32CubeIDE/plugins/com.st.stm32cube.ide.mcu.externaltools.gnu-tools-for-stm32.13.3.rel1.win32_1.0.0.202411081344/tools/bin/../lib/gcc/arm-none-eabi/13.3.1/thumb/v7e-m+fp/hard/crtbegin.o
                0x200004ec                        . = ALIGN (0x4)

.bss            0x200004ec     0x16d8 load address 0x08009db4
                0x200004ec                        _sbss = .
                0x200004ec                        __bss_start__ = _sbss
 *(.bss)
 .bss           0x200004ec       0x1c C:/ST/STM32CubeIDE_1.18.1/STM32CubeIDE/plugins/com.st.stm32cube.ide.mcu.externaltools.gnu-tools-for-stm32.13.3.rel1.win32_1.0.0.202411081344/tools/bin/../lib/gcc/arm-none-eabi/13.3.1/thumb/v7e-m+fp/hard/crtbegin.o
 *(.bss*)
 .bss.nullData16.0
                0x20000508        0x2 ./Application/User/hf_registers.o
 *fill*         0x2000050a        0x2 
 .bss.hdma_usart2_tx
                0x2000050c       0x60 ./Application/User/main.o
                0x2000050c                hdma_usart2_tx
 .bss.hdma_usart2_rx
                0x2000056c       0x60 ./Application/User/main.o
                0x2000056c                hdma_usart2_rx
 .bss.huart2    0x200005cc       0x94 ./Application/User/main.o
                0x200005cc                huart2
 .bss.htim1     0x20000660       0x4c ./Application/User/main.o
                0x20000660                htim1
 .bss.hopamp3   0x200006ac       0x3c ./Application/User/main.o
                0x200006ac                hopamp3
 .bss.hopamp2   0x200006e8       0x3c ./Application/User/main.o
                0x200006e8                hopamp2
 .bss.hopamp1   0x20000724       0x3c ./Application/User/main.o
                0x20000724                hopamp1
 .bss.hdac3     0x20000760       0x14 ./Application/User/main.o
                0x20000760                hdac3
 .bss.hcordic   0x20000774       0x28 ./Application/User/main.o
                0x20000774                hcordic
 .bss.hcomp4    0x2000079c       0x24 ./Application/User/main.o
                0x2000079c                hcomp4
 .bss.hcomp2    0x200007c0       0x24 ./Application/User/main.o
                0x200007c0                hcomp2
 .bss.hcomp1    0x200007e4       0x24 ./Application/User/main.o
                0x200007e4                hcomp1
 .bss.hadc2     0x20000808       0x6c ./Application/User/main.o
                0x20000808                hadc2
 .bss.hadc1     0x20000874       0x6c ./Application/User/main.o
                0x20000874                hadc1
 .bss.pREMNG    0x200008e0        0x4 ./Application/User/mc_config.o
                0x200008e0                pREMNG
 .bss.FOCVars   0x200008e4       0x22 ./Application/User/mc_config.o
                0x200008e4                FOCVars
 *fill*         0x20000906        0x2 
 .bss.pwmcHandle
                0x20000908        0x4 ./Application/User/mc_config_common.o
                0x20000908                pwmcHandle
 .bss.bMCBootCompleted
                0x2000090c        0x1 ./Application/User/mc_tasks.o
 *fill*         0x2000090d        0x1 
 .bss.hStopPermanencyCounterM1
                0x2000090e        0x2 ./Application/User/mc_tasks.o
 .bss.hBootCapDelayCounterM1
                0x20000910        0x2 ./Application/User/mc_tasks.o
 .bss.hMFTaskCounterM1
                0x20000912        0x2 ./Application/User/mc_tasks.o
 .bss.MCP_UserCallBack
                0x20000914        0x8 ./Application/User/mcp_config.o
                0x20000914                MCP_UserCallBack
 .bss.dataSizeTableBuffA
                0x2000091c        0xa ./Application/User/mcp_config.o
 *fill*         0x20000926        0x2 
 .bss.dataSizeTableA
                0x20000928        0xa ./Application/User/mcp_config.o
 *fill*         0x20000932        0x2 
 .bss.dataPtrTableBuffA
                0x20000934       0x28 ./Application/User/mcp_config.o
 .bss.dataPtrTableA
                0x2000095c       0x28 ./Application/User/mcp_config.o
 .bss.MCPAsyncBuffUARTA_B
                0x20000984      0x806 ./Application/User/mcp_config.o
 *fill*         0x2000118a        0x2 
 .bss.MCPAsyncBuffUARTA_A
                0x2000118c      0x806 ./Application/User/mcp_config.o
 *fill*         0x20001992        0x2 
 .bss.MCPSyncRXBuff
                0x20001994      0x102 ./Application/User/mcp_config.o
 *fill*         0x20001a96        0x2 
 .bss.MCPSyncTxBuff
                0x20001a98      0x106 ./Application/User/mcp_config.o
 *fill*         0x20001b9e        0x2 
 .bss.pMCI      0x20001ba0        0x4 ./Application/User/motorcontrol.o
                0x20001ba0                pMCI
 .bss.RCM_conversion_nb
                0x20001ba4        0x1 ./Application/User/regular_conversion_manager.o
 .bss.RCM_array_index
                0x20001ba5        0x1 ./Application/User/regular_conversion_manager.o
 *fill*         0x20001ba6        0x2 
 .bss.RCM_handle_array
                0x20001ba8       0x10 ./Application/User/regular_conversion_manager.o
 .bss.HAL_RCC_ADC12_CLK_ENABLED
                0x20001bb8        0x4 ./Application/User/stm32g4xx_hal_msp.o
 .bss.uwTick    0x20001bbc        0x4 ./Drivers/STM32G4xx_HAL_Driver/stm32g4xx_hal.o
                0x20001bbc                uwTick
 .bss.GLOBAL_TIMESTAMP
                0x20001bc0        0x4 ./Middlewares/MotorControl/mcpa.o
                0x20001bc0                GLOBAL_TIMESTAMP
 *(COMMON)
                0x20001bc4                        . = ALIGN (0x4)
                0x20001bc4                        _ebss = .
                0x20001bc4                        __bss_end__ = _ebss

._user_heap_stack
                0x20001bc4      0x604 load address 0x08009db4
                0x20001bc8                        . = ALIGN (0x8)
 *fill*         0x20001bc4        0x4 
                [!provide]                        PROVIDE (end = .)
                0x20001bc8                        PROVIDE (_end = .)
                0x20001dc8                        . = (. + _Min_Heap_Size)
 *fill*         0x20001bc8      0x200 
                0x200021c8                        . = (. + _Min_Stack_Size)
 *fill*         0x20001dc8      0x400 
                0x200021c8                        . = ALIGN (0x8)

/DISCARD/
 libc.a(*)
 libm.a(*)
 libgcc.a(*)

.ARM.attributes
                0x00000000       0x30
 *(.ARM.attributes)
 .ARM.attributes
                0x00000000       0x22 C:/ST/STM32CubeIDE_1.18.1/STM32CubeIDE/plugins/com.st.stm32cube.ide.mcu.externaltools.gnu-tools-for-stm32.13.3.rel1.win32_1.0.0.202411081344/tools/bin/../lib/gcc/arm-none-eabi/13.3.1/thumb/v7e-m+fp/hard/crti.o
 .ARM.attributes
                0x00000022       0x34 C:/ST/STM32CubeIDE_1.18.1/STM32CubeIDE/plugins/com.st.stm32cube.ide.mcu.externaltools.gnu-tools-for-stm32.13.3.rel1.win32_1.0.0.202411081344/tools/bin/../lib/gcc/arm-none-eabi/13.3.1/thumb/v7e-m+fp/hard/crtbegin.o
 .ARM.attributes
                0x00000056       0x21 ./Application/Startup/startup_stm32g431cbux.o
 .ARM.attributes
                0x00000077       0x30 ./Application/User/aspep.o
 .ARM.attributes
                0x000000a7       0x30 ./Application/User/hf_registers.o
 .ARM.attributes
                0x000000d7       0x30 ./Application/User/main.o
 .ARM.attributes
                0x00000107       0x30 ./Application/User/mc_api.o
 .ARM.attributes
                0x00000137       0x30 ./Application/User/mc_app_hooks.o
 .ARM.attributes
                0x00000167       0x30 ./Application/User/mc_config.o
 .ARM.attributes
                0x00000197       0x30 ./Application/User/mc_config_common.o
 .ARM.attributes
                0x000001c7       0x30 ./Application/User/mc_configuration_registers.o
 .ARM.attributes
                0x000001f7       0x30 ./Application/User/mc_interface.o
 .ARM.attributes
                0x00000227       0x30 ./Application/User/mc_math.o
 .ARM.attributes
                0x00000257       0x30 ./Application/User/mc_parameters.o
 .ARM.attributes
                0x00000287       0x30 ./Application/User/mc_tasks.o
 .ARM.attributes
                0x000002b7       0x30 ./Application/User/mc_tasks_foc.o
 .ARM.attributes
                0x000002e7       0x30 ./Application/User/mcp.o
 .ARM.attributes
                0x00000317       0x30 ./Application/User/mcp_config.o
 .ARM.attributes
                0x00000347       0x30 ./Application/User/motorcontrol.o
 .ARM.attributes
                0x00000377       0x30 ./Application/User/pwm_common.o
 .ARM.attributes
                0x000003a7       0x30 ./Application/User/pwm_curr_fdbk.o
 .ARM.attributes
                0x000003d7       0x30 ./Application/User/regular_conversion_manager.o
 .ARM.attributes
                0x00000407       0x30 ./Application/User/speed_torq_ctrl.o
 .ARM.attributes
                0x00000437       0x30 ./Application/User/stm32_mc_common_it.o
 .ARM.attributes
                0x00000467       0x30 ./Application/User/stm32g4xx_hal_msp.o
 .ARM.attributes
                0x00000497       0x30 ./Application/User/stm32g4xx_mc_it.o
 .ARM.attributes
                0x000004c7       0x30 ./Application/User/sync_registers.o
 .ARM.attributes
                0x000004f7       0x30 ./Application/User/usart_aspep_driver.o
 .ARM.attributes
                0x00000527       0x30 ./Drivers/CMSIS/system_stm32g4xx.o
 .ARM.attributes
                0x00000557       0x30 ./Drivers/STM32G4xx_HAL_Driver/stm32g4xx_hal.o
 .ARM.attributes
                0x00000587       0x30 ./Drivers/STM32G4xx_HAL_Driver/stm32g4xx_hal_adc.o
 .ARM.attributes
                0x000005b7       0x30 ./Drivers/STM32G4xx_HAL_Driver/stm32g4xx_hal_adc_ex.o
 .ARM.attributes
                0x000005e7       0x30 ./Drivers/STM32G4xx_HAL_Driver/stm32g4xx_hal_comp.o
 .ARM.attributes
                0x00000617       0x30 ./Drivers/STM32G4xx_HAL_Driver/stm32g4xx_hal_cordic.o
 .ARM.attributes
                0x00000647       0x30 ./Drivers/STM32G4xx_HAL_Driver/stm32g4xx_hal_cortex.o
 .ARM.attributes
                0x00000677       0x30 ./Drivers/STM32G4xx_HAL_Driver/stm32g4xx_hal_dac.o
 .ARM.attributes
                0x000006a7       0x30 ./Drivers/STM32G4xx_HAL_Driver/stm32g4xx_hal_dma.o
 .ARM.attributes
                0x000006d7       0x30 ./Drivers/STM32G4xx_HAL_Driver/stm32g4xx_hal_gpio.o
 .ARM.attributes
                0x00000707       0x30 ./Drivers/STM32G4xx_HAL_Driver/stm32g4xx_hal_opamp.o
 .ARM.attributes
                0x00000737       0x30 ./Drivers/STM32G4xx_HAL_Driver/stm32g4xx_hal_pwr_ex.o
 .ARM.attributes
                0x00000767       0x30 ./Drivers/STM32G4xx_HAL_Driver/stm32g4xx_hal_rcc.o
 .ARM.attributes
                0x00000797       0x30 ./Drivers/STM32G4xx_HAL_Driver/stm32g4xx_hal_rcc_ex.o
 .ARM.attributes
                0x000007c7       0x30 ./Drivers/STM32G4xx_HAL_Driver/stm32g4xx_hal_tim.o
 .ARM.attributes
                0x000007f7       0x30 ./Drivers/STM32G4xx_HAL_Driver/stm32g4xx_hal_tim_ex.o
 .ARM.attributes
                0x00000827       0x30 ./Drivers/STM32G4xx_HAL_Driver/stm32g4xx_hal_uart.o
 .ARM.attributes
                0x00000857       0x30 ./Drivers/STM32G4xx_HAL_Driver/stm32g4xx_hal_uart_ex.o
 .ARM.attributes
                0x00000887       0x30 ./Middlewares/MotorControl/bus_voltage_sensor.o
 .ARM.attributes
                0x000008b7       0x30 ./Middlewares/MotorControl/circle_limitation.o
 .ARM.attributes
                0x000008e7       0x30 ./Middlewares/MotorControl/mcpa.o
 .ARM.attributes
                0x00000917       0x30 ./Middlewares/MotorControl/ntc_temperature_sensor.o
 .ARM.attributes
                0x00000947       0x30 ./Middlewares/MotorControl/pid_regulator.o
 .ARM.attributes
                0x00000977       0x30 ./Middlewares/MotorControl/pqd_motor_power_measurement.o
 .ARM.attributes
                0x000009a7       0x30 ./Middlewares/MotorControl/r3_2_g4xx_pwm_curr_fdbk.o
 .ARM.attributes
                0x000009d7       0x30 ./Middlewares/MotorControl/r_divider_bus_voltage_sensor.o
 .ARM.attributes
                0x00000a07       0x30 ./Middlewares/MotorControl/ramp_ext_mngr.o
 .ARM.attributes
                0x00000a37       0x30 ./Middlewares/MotorControl/revup_ctrl.o
 .ARM.attributes
                0x00000a67       0x30 ./Middlewares/MotorControl/speed_pos_fdbk.o
 .ARM.attributes
                0x00000a97       0x30 ./Middlewares/MotorControl/sto_pll_speed_pos_fdbk.o
 .ARM.attributes
                0x00000ac7       0x30 ./Middlewares/MotorControl/virtual_speed_sensor.o
 .ARM.attributes
                0x00000af7       0x34 C:/ST/STM32CubeIDE_1.18.1/STM32CubeIDE/plugins/com.st.stm32cube.ide.mcu.externaltools.gnu-tools-for-stm32.13.3.rel1.win32_1.0.0.202411081344/tools/bin/../lib/gcc/arm-none-eabi/13.3.1/../../../../arm-none-eabi/lib/thumb/v7e-m+fp/hard\libc_nano.a(libc_a-memset.o)
 .ARM.attributes
                0x00000b2b       0x34 C:/ST/STM32CubeIDE_1.18.1/STM32CubeIDE/plugins/com.st.stm32cube.ide.mcu.externaltools.gnu-tools-for-stm32.13.3.rel1.win32_1.0.0.202411081344/tools/bin/../lib/gcc/arm-none-eabi/13.3.1/../../../../arm-none-eabi/lib/thumb/v7e-m+fp/hard\libc_nano.a(libc_a-init.o)
 .ARM.attributes
                0x00000b5f       0x34 C:/ST/STM32CubeIDE_1.18.1/STM32CubeIDE/plugins/com.st.stm32cube.ide.mcu.externaltools.gnu-tools-for-stm32.13.3.rel1.win32_1.0.0.202411081344/tools/bin/../lib/gcc/arm-none-eabi/13.3.1/../../../../arm-none-eabi/lib/thumb/v7e-m+fp/hard\libc_nano.a(libc_a-memcpy-stub.o)
 .ARM.attributes
                0x00000b93       0x22 C:/ST/STM32CubeIDE_1.18.1/STM32CubeIDE/plugins/com.st.stm32cube.ide.mcu.externaltools.gnu-tools-for-stm32.13.3.rel1.win32_1.0.0.202411081344/tools/bin/../lib/gcc/arm-none-eabi/13.3.1/thumb/v7e-m+fp/hard\libgcc.a(_aeabi_uldivmod.o)
 .ARM.attributes
                0x00000bb5       0x34 C:/ST/STM32CubeIDE_1.18.1/STM32CubeIDE/plugins/com.st.stm32cube.ide.mcu.externaltools.gnu-tools-for-stm32.13.3.rel1.win32_1.0.0.202411081344/tools/bin/../lib/gcc/arm-none-eabi/13.3.1/thumb/v7e-m+fp/hard\libgcc.a(_udivmoddi4.o)
 .ARM.attributes
                0x00000be9       0x22 C:/ST/STM32CubeIDE_1.18.1/STM32CubeIDE/plugins/com.st.stm32cube.ide.mcu.externaltools.gnu-tools-for-stm32.13.3.rel1.win32_1.0.0.202411081344/tools/bin/../lib/gcc/arm-none-eabi/13.3.1/thumb/v7e-m+fp/hard\libgcc.a(_dvmd_tls.o)
 .ARM.attributes
                0x00000c0b       0x22 C:/ST/STM32CubeIDE_1.18.1/STM32CubeIDE/plugins/com.st.stm32cube.ide.mcu.externaltools.gnu-tools-for-stm32.13.3.rel1.win32_1.0.0.202411081344/tools/bin/../lib/gcc/arm-none-eabi/13.3.1/thumb/v7e-m+fp/hard/crtn.o
OUTPUT(try 6 3 1 2026.elf elf32-littlearm)
LOAD linker stubs
LOAD C:/ST/STM32CubeIDE_1.18.1/STM32CubeIDE/plugins/com.st.stm32cube.ide.mcu.externaltools.gnu-tools-for-stm32.13.3.rel1.win32_1.0.0.202411081344/tools/bin/../lib/gcc/arm-none-eabi/13.3.1/../../../../arm-none-eabi/lib/thumb/v7e-m+fp/hard\libc.a
LOAD C:/ST/STM32CubeIDE_1.18.1/STM32CubeIDE/plugins/com.st.stm32cube.ide.mcu.externaltools.gnu-tools-for-stm32.13.3.rel1.win32_1.0.0.202411081344/tools/bin/../lib/gcc/arm-none-eabi/13.3.1/../../../../arm-none-eabi/lib/thumb/v7e-m+fp/hard\libm.a
LOAD C:/ST/STM32CubeIDE_1.18.1/STM32CubeIDE/plugins/com.st.stm32cube.ide.mcu.externaltools.gnu-tools-for-stm32.13.3.rel1.win32_1.0.0.202411081344/tools/bin/../lib/gcc/arm-none-eabi/13.3.1/thumb/v7e-m+fp/hard\libgcc.a

.debug_line     0x00000000    0x4c15b
 .debug_line    0x00000000       0x7b ./Application/Startup/startup_stm32g431cbux.o
 .debug_line    0x0000007b     0x16f6 ./Application/User/aspep.o
 .debug_line    0x00001771      0xe66 ./Application/User/hf_registers.o
 .debug_line    0x000025d7     0x1b2a ./Application/User/main.o
 .debug_line    0x00004101     0x1181 ./Application/User/mc_api.o
 .debug_line    0x00005282      0xa11 ./Application/User/mc_app_hooks.o
 .debug_line    0x00005c93      0xd1b ./Application/User/mc_config.o
 .debug_line    0x000069ae      0xd22 ./Application/User/mc_config_common.o
 .debug_line    0x000076d0      0xbb8 ./Application/User/mc_configuration_registers.o
 .debug_line    0x00008288     0x1944 ./Application/User/mc_interface.o
 .debug_line    0x00009bcc      0xc3a ./Application/User/mc_math.o
 .debug_line    0x0000a806      0xd0c ./Application/User/mc_parameters.o
 .debug_line    0x0000b512     0x13b1 ./Application/User/mc_tasks.o
 .debug_line    0x0000c8c3     0x1578 ./Application/User/mc_tasks_foc.o
 .debug_line    0x0000de3b     0x1238 ./Application/User/mcp.o
 .debug_line    0x0000f073      0xaf6 ./Application/User/mcp_config.o
 .debug_line    0x0000fb69      0xd5b ./Application/User/motorcontrol.o
 .debug_line    0x000108c4      0xc36 ./Application/User/pwm_common.o
 .debug_line    0x000114fa     0x11fd ./Application/User/pwm_curr_fdbk.o
 .debug_line    0x000126f7     0x10ca ./Application/User/regular_conversion_manager.o
 .debug_line    0x000137c1      0xe92 ./Application/User/speed_torq_ctrl.o
 .debug_line    0x00014653     0x12c9 ./Application/User/stm32_mc_common_it.o
 .debug_line    0x0001591c     0x14a2 ./Application/User/stm32g4xx_hal_msp.o
 .debug_line    0x00016dbe      0xe44 ./Application/User/stm32g4xx_mc_it.o
 .debug_line    0x00017c02     0x2412 ./Application/User/sync_registers.o
 .debug_line    0x0001a014     0x11eb ./Application/User/usart_aspep_driver.o
 .debug_line    0x0001b1ff      0x935 ./Drivers/CMSIS/system_stm32g4xx.o
 .debug_line    0x0001bb34      0xdc7 ./Drivers/STM32G4xx_HAL_Driver/stm32g4xx_hal.o
 .debug_line    0x0001c8fb     0x2eaa ./Drivers/STM32G4xx_HAL_Driver/stm32g4xx_hal_adc.o
 .debug_line    0x0001f7a5     0x286f ./Drivers/STM32G4xx_HAL_Driver/stm32g4xx_hal_adc_ex.o
 .debug_line    0x00022014      0xdfe ./Drivers/STM32G4xx_HAL_Driver/stm32g4xx_hal_comp.o
 .debug_line    0x00022e12     0x13da ./Drivers/STM32G4xx_HAL_Driver/stm32g4xx_hal_cordic.o
 .debug_line    0x000241ec      0xefd ./Drivers/STM32G4xx_HAL_Driver/stm32g4xx_hal_cortex.o
 .debug_line    0x000250e9     0x11e1 ./Drivers/STM32G4xx_HAL_Driver/stm32g4xx_hal_dac.o
 .debug_line    0x000262ca     0x1498 ./Drivers/STM32G4xx_HAL_Driver/stm32g4xx_hal_dma.o
 .debug_line    0x00027762     0x110f ./Drivers/STM32G4xx_HAL_Driver/stm32g4xx_hal_gpio.o
 .debug_line    0x00028871      0xde0 ./Drivers/STM32G4xx_HAL_Driver/stm32g4xx_hal_opamp.o
 .debug_line    0x00029651      0xff8 ./Drivers/STM32G4xx_HAL_Driver/stm32g4xx_hal_pwr_ex.o
 .debug_line    0x0002a649     0x15ff ./Drivers/STM32G4xx_HAL_Driver/stm32g4xx_hal_rcc.o
 .debug_line    0x0002bc48     0x166d ./Drivers/STM32G4xx_HAL_Driver/stm32g4xx_hal_rcc_ex.o
 .debug_line    0x0002d2b5     0x6631 ./Drivers/STM32G4xx_HAL_Driver/stm32g4xx_hal_tim.o
 .debug_line    0x000338e6     0x26d6 ./Drivers/STM32G4xx_HAL_Driver/stm32g4xx_hal_tim_ex.o
 .debug_line    0x00035fbc     0x70cd ./Drivers/STM32G4xx_HAL_Driver/stm32g4xx_hal_uart.o
 .debug_line    0x0003d089     0x133f ./Drivers/STM32G4xx_HAL_Driver/stm32g4xx_hal_uart_ex.o
 .debug_line    0x0003e3c8      0xaaf ./Middlewares/MotorControl/bus_voltage_sensor.o
 .debug_line    0x0003ee77      0xb45 ./Middlewares/MotorControl/circle_limitation.o
 .debug_line    0x0003f9bc     0x121c ./Middlewares/MotorControl/mcpa.o
 .debug_line    0x00040bd8      0xbed ./Middlewares/MotorControl/ntc_temperature_sensor.o
 .debug_line    0x000417c5      0xee9 ./Middlewares/MotorControl/pid_regulator.o
 .debug_line    0x000426ae      0xb44 ./Middlewares/MotorControl/pqd_motor_power_measurement.o
 .debug_line    0x000431f2     0x32aa ./Middlewares/MotorControl/r3_2_g4xx_pwm_curr_fdbk.o
 .debug_line    0x0004649c      0xbf7 ./Middlewares/MotorControl/r_divider_bus_voltage_sensor.o
 .debug_line    0x00047093      0xd23 ./Middlewares/MotorControl/ramp_ext_mngr.o
 .debug_line    0x00047db6     0x124a ./Middlewares/MotorControl/revup_ctrl.o
 .debug_line    0x00049000      0xbe1 ./Middlewares/MotorControl/speed_pos_fdbk.o
 .debug_line    0x00049be1     0x15d4 ./Middlewares/MotorControl/sto_pll_speed_pos_fdbk.o
 .debug_line    0x0004b1b5      0xfa6 ./Middlewares/MotorControl/virtual_speed_sensor.o

.debug_line_str
                0x00000000       0x77
 .debug_line_str
                0x00000000       0x77 ./Application/Startup/startup_stm32g431cbux.o

.debug_info     0x00000000    0x4c0ea
 .debug_info    0x00000000       0x30 ./Application/Startup/startup_stm32g431cbux.o
 .debug_info    0x00000030     0x112b ./Application/User/aspep.o
 .debug_info    0x0000115b     0x12b8 ./Application/User/hf_registers.o
 .debug_info    0x00002413     0x3693 ./Application/User/main.o
 .debug_info    0x00005aa6     0x1bdf ./Application/User/mc_api.o
 .debug_info    0x00007685      0x1db ./Application/User/mc_app_hooks.o
 .debug_info    0x00007860     0x229c ./Application/User/mc_config.o
 .debug_info    0x00009afc      0xd8a ./Application/User/mc_config_common.o
 .debug_info    0x0000a886      0x56d ./Application/User/mc_configuration_registers.o
 .debug_info    0x0000adf3     0x219a ./Application/User/mc_interface.o
 .debug_info    0x0000cf8d      0x764 ./Application/User/mc_math.o
 .debug_info    0x0000d6f1      0xa17 ./Application/User/mc_parameters.o
 .debug_info    0x0000e108     0x238e ./Application/User/mc_tasks.o
 .debug_info    0x00010496     0x30aa ./Application/User/mc_tasks_foc.o
 .debug_info    0x00013540     0x15d4 ./Application/User/mcp.o
 .debug_info    0x00014b14      0xaf2 ./Application/User/mcp_config.o
 .debug_info    0x00015606     0x1134 ./Application/User/motorcontrol.o
 .debug_info    0x0001673a      0x953 ./Application/User/pwm_common.o
 .debug_info    0x0001708d     0x1395 ./Application/User/pwm_curr_fdbk.o
 .debug_info    0x00018422      0xb62 ./Application/User/regular_conversion_manager.o
 .debug_info    0x00018f84      0x9b7 ./Application/User/speed_torq_ctrl.o
 .debug_info    0x0001993b     0x12a0 ./Application/User/stm32_mc_common_it.o
 .debug_info    0x0001abdb     0x26cb ./Application/User/stm32g4xx_hal_msp.o
 .debug_info    0x0001d2a6     0x124f ./Application/User/stm32g4xx_mc_it.o
 .debug_info    0x0001e4f5     0x31ad ./Application/User/sync_registers.o
 .debug_info    0x000216a2     0x1267 ./Application/User/usart_aspep_driver.o
 .debug_info    0x00022909      0x5a7 ./Drivers/CMSIS/system_stm32g4xx.o
 .debug_info    0x00022eb0      0xcd7 ./Drivers/STM32G4xx_HAL_Driver/stm32g4xx_hal.o
 .debug_info    0x00023b87     0x3508 ./Drivers/STM32G4xx_HAL_Driver/stm32g4xx_hal_adc.o
 .debug_info    0x0002708f     0x2d2c ./Drivers/STM32G4xx_HAL_Driver/stm32g4xx_hal_adc_ex.o
 .debug_info    0x00029dbb      0x869 ./Drivers/STM32G4xx_HAL_Driver/stm32g4xx_hal_comp.o
 .debug_info    0x0002a624      0xdc3 ./Drivers/STM32G4xx_HAL_Driver/stm32g4xx_hal_cordic.o
 .debug_info    0x0002b3e7      0xfd6 ./Drivers/STM32G4xx_HAL_Driver/stm32g4xx_hal_cortex.o
 .debug_info    0x0002c3bd      0xe09 ./Drivers/STM32G4xx_HAL_Driver/stm32g4xx_hal_dac.o
 .debug_info    0x0002d1c6      0xa62 ./Drivers/STM32G4xx_HAL_Driver/stm32g4xx_hal_dma.o
 .debug_info    0x0002dc28      0x795 ./Drivers/STM32G4xx_HAL_Driver/stm32g4xx_hal_gpio.o
 .debug_info    0x0002e3bd      0x84b ./Drivers/STM32G4xx_HAL_Driver/stm32g4xx_hal_opamp.o
 .debug_info    0x0002ec08      0x993 ./Drivers/STM32G4xx_HAL_Driver/stm32g4xx_hal_pwr_ex.o
 .debug_info    0x0002f59b      0xe7b ./Drivers/STM32G4xx_HAL_Driver/stm32g4xx_hal_rcc.o
 .debug_info    0x00030416      0xd46 ./Drivers/STM32G4xx_HAL_Driver/stm32g4xx_hal_rcc_ex.o
 .debug_info    0x0003115c     0x500d ./Drivers/STM32G4xx_HAL_Driver/stm32g4xx_hal_tim.o
 .debug_info    0x00036169     0x25d0 ./Drivers/STM32G4xx_HAL_Driver/stm32g4xx_hal_tim_ex.o
 .debug_info    0x00038739     0x78dd ./Drivers/STM32G4xx_HAL_Driver/stm32g4xx_hal_uart.o
 .debug_info    0x00040016     0x13de ./Drivers/STM32G4xx_HAL_Driver/stm32g4xx_hal_uart_ex.o
 .debug_info    0x000413f4      0x2c3 ./Middlewares/MotorControl/bus_voltage_sensor.o
 .debug_info    0x000416b7      0x387 ./Middlewares/MotorControl/circle_limitation.o
 .debug_info    0x00041a3e      0x715 ./Middlewares/MotorControl/mcpa.o
 .debug_info    0x00042153      0x3f8 ./Middlewares/MotorControl/ntc_temperature_sensor.o